18:03:19 **** Incremental Build of configuration Debug for project sem_project ****
make all 
make: Nothing to be done for 'all'.
18:03:24 **** Incremental Build of configuration Debug for project sem_project ****
make all 
make: Nothing to be done for 'all'.
18:06:06 **** Incremental Build of configuration Debug for project sem_project ****
make all 
make: Nothing to be done for 'all'.
18:08:31 **** Auto Build of configuration Debug for project sem_project ****
make all 
Building file: ../src/main.c
Invoking: ARM gcc compiler
arm-xilinx-eabi-gcc -Wall -O0 -g3 -c -fmessage-length=0 -MT"src/main.o" -I../../sem_project_bsp/ps7_cortexa9_0/include -MMD -MP -MF"src/main.d" -MT"src/main.d" -o "src/main.o" "../src/main.c"
../src/main.c:70:0: warning: "XPAR_ENCODER_RM28MD_0_S00_AXI_BASEADDR" redefined
 #define XPAR_ENCODER_RM28MD_0_S00_AXI_BASEADDR    0x43C30000
 ^
In file included from ../src/main.c:24:0:
../../sem_project_bsp/ps7_cortexa9_0/include/xparameters.h:118:0: note: this is the location of the previous definition
 #define XPAR_ENCODER_RM28MD_0_S00_AXI_BASEADDR 0xFFFFFFFF
 ^
../src/main.c:71:0: warning: "XPAR_ENCODER_RM28MD_0_S00_AXI_HIGHADDR" redefined
 #define XPAR_ENCODER_RM28MD_0_S00_AXI_HIGHADDR    0x43C3FFFF
 ^
In file included from ../src/main.c:24:0:
../../sem_project_bsp/ps7_cortexa9_0/include/xparameters.h:119:0: note: this is the location of the previous definition
 #define XPAR_ENCODER_RM28MD_0_S00_AXI_HIGHADDR 0x00000000
 ^
In file included from ../src/main.c:22:0:
../src/main.c: In function 'init_pwm_task':
../src/khaOS/rtcs.h:30:28: warning: large integer implicitly truncated to unsigned type [-Woverflow]
 #define MILLI_SEC(X)       (X*100UL)/T_TICK   //Millisec tick
                            ^
../src/main.c:133:20: note: in expansion of macro 'MILLI_SEC'
  _starts(PWM_TASK, MILLI_SEC(1000));
                    ^
../src/main.c: In function 'interface_task':
../src/main.c:405:5: warning: implicit declaration of function 'sscanf' [-Wimplicit-function-declaration]
     sscanf(val, "%f", &kp);
     ^
../src/main.c:405:5: warning: incompatible implicit declaration of built-in function 'sscanf'
../src/main.c:406:5: warning: implicit declaration of function 'sprintf' [-Wimplicit-function-declaration]
     sprintf(tx_buffer, "kp was set: %f", kp);
     ^
../src/main.c:406:5: warning: incompatible implicit declaration of built-in function 'sprintf'
../src/main.c:412:5: warning: incompatible implicit declaration of built-in function 'sscanf'
     sscanf(val, "%f", &ki);
     ^
../src/main.c:413:5: warning: incompatible implicit declaration of built-in function 'sprintf'
     sprintf(tx_buffer, "ki was set: %f", ki);
     ^
../src/main.c:419:5: warning: incompatible implicit declaration of built-in function 'sscanf'
     sscanf(val, "%f", &q_max);
     ^
../src/main.c:420:5: warning: incompatible implicit declaration of built-in function 'sprintf'
     sprintf(tx_buffer, "qmax was set: %f", q_max);
     ^
../src/main.c: In function 'SPI_init':
../src/main.c:519:6: warning: variable 'var1' set but not used [-Wunused-but-set-variable]
  u32 var1;
      ^
../src/main.c: In function 'SPI_OC_OFF':
../src/main.c:531:40: warning: passing argument 2 of 'XSpiPs_PolledTransfer' from incompatible pointer type
  var = XSpiPs_PolledTransfer(SPI_inst, &output_buffer, NULL, 2);  //Send 2 bytes. Don't receive anything
                                        ^
In file included from ../src/main.c:28:0:
../../sem_project_bsp/ps7_cortexa9_0/include/xspips.h:660:5: note: expected 'u8 *' but argument is of type 'u8 (*)[2]'
 s32 XSpiPs_PolledTransfer(XSpiPs *InstancePtr, u8 *SendBufPtr,
     ^
../src/main.c:530:6: warning: variable 'var' set but not used [-Wunused-but-set-variable]
  s32 var;
      ^
Finished building: ../src/main.c
 
Building target: sem_project.elf
Invoking: ARM gcc linker
arm-xilinx-eabi-gcc -Wl,-T -Wl,../src/lscript.ld -L../../sem_project_bsp/ps7_cortexa9_0/lib -o "sem_project.elf"  ./src/timer/timer_pwm_cnf.o  ./src/khaOS/rtcs_cpu.o ./src/khaOS/schedule.o  ./src/main.o ./src/platform.o   -lm -Wl,--start-group,-lxil,-lgcc,-lc,--end-group
Finished building target: sem_project.elf
 
Invoking: ARM Print Size
arm-xilinx-eabi-size sem_project.elf  |tee "sem_project.elf.size"
   text	   data	    bss	    dec	    hex	filename
 116076	   2456	  23388	 141920	  22a60	sem_project.elf
Finished building: sem_project.elf.size
 
18:08:33 **** Incremental Build of configuration Debug for project sem_project ****
make all 
make: Nothing to be done for 'all'.
18:19:35 **** Auto Build of configuration Debug for project sem_project ****
make all 
Building file: ../src/main.c
Invoking: ARM gcc compiler
arm-xilinx-eabi-gcc -Wall -O0 -g3 -c -fmessage-length=0 -MT"src/main.o" -I../../sem_project_bsp/ps7_cortexa9_0/include -MMD -MP -MF"src/main.d" -MT"src/main.d" -o "src/main.o" "../src/main.c"
../src/main.c:70:0: warning: "XPAR_ENCODER_RM28MD_0_S00_AXI_BASEADDR" redefined
 #define XPAR_ENCODER_RM28MD_0_S00_AXI_BASEADDR    0x43C30000
 ^
In file included from ../src/main.c:24:0:
../../sem_project_bsp/ps7_cortexa9_0/include/xparameters.h:118:0: note: this is the location of the previous definition
 #define XPAR_ENCODER_RM28MD_0_S00_AXI_BASEADDR 0xFFFFFFFF
 ^
../src/main.c:71:0: warning: "XPAR_ENCODER_RM28MD_0_S00_AXI_HIGHADDR" redefined
 #define XPAR_ENCODER_RM28MD_0_S00_AXI_HIGHADDR    0x43C3FFFF
 ^
In file included from ../src/main.c:24:0:
../../sem_project_bsp/ps7_cortexa9_0/include/xparameters.h:119:0: note: this is the location of the previous definition
 #define XPAR_ENCODER_RM28MD_0_S00_AXI_HIGHADDR 0x00000000
 ^
In file included from ../src/main.c:22:0:
../src/main.c: In function 'init_pwm_task':
../src/khaOS/rtcs.h:30:28: warning: large integer implicitly truncated to unsigned type [-Woverflow]
 #define MILLI_SEC(X)       (X*100UL)/T_TICK   //Millisec tick
                            ^
../src/main.c:133:20: note: in expansion of macro 'MILLI_SEC'
  _starts(PWM_TASK, MILLI_SEC(1000));
                    ^
../src/main.c: In function 'pwm_task':
../src/main.c:150:8: warning: unused variable 'third_harmonic' [-Wunused-variable]
  float third_harmonic;
        ^
../src/main.c:149:14: warning: variable 'c' set but not used [-Wunused-but-set-variable]
  float a, b, c;
              ^
../src/main.c:149:11: warning: variable 'b' set but not used [-Wunused-but-set-variable]
  float a, b, c;
           ^
../src/main.c:149:8: warning: variable 'a' set but not used [-Wunused-but-set-variable]
  float a, b, c;
        ^
../src/main.c: In function 'interface_task':
../src/main.c:405:5: warning: implicit declaration of function 'sscanf' [-Wimplicit-function-declaration]
     sscanf(val, "%f", &kp);
     ^
../src/main.c:405:5: warning: incompatible implicit declaration of built-in function 'sscanf'
../src/main.c:406:5: warning: implicit declaration of function 'sprintf' [-Wimplicit-function-declaration]
     sprintf(tx_buffer, "kp was set: %f", kp);
     ^
../src/main.c:406:5: warning: incompatible implicit declaration of built-in function 'sprintf'
../src/main.c:412:5: warning: incompatible implicit declaration of built-in function 'sscanf'
     sscanf(val, "%f", &ki);
     ^
../src/main.c:413:5: warning: incompatible implicit declaration of built-in function 'sprintf'
     sprintf(tx_buffer, "ki was set: %f", ki);
     ^
../src/main.c:419:5: warning: incompatible implicit declaration of built-in function 'sscanf'
     sscanf(val, "%f", &q_max);
     ^
../src/main.c:420:5: warning: incompatible implicit declaration of built-in function 'sprintf'
     sprintf(tx_buffer, "qmax was set: %f", q_max);
     ^
../src/main.c: In function 'SPI_init':
../src/main.c:519:6: warning: variable 'var1' set but not used [-Wunused-but-set-variable]
  u32 var1;
      ^
../src/main.c: In function 'SPI_OC_OFF':
../src/main.c:531:40: warning: passing argument 2 of 'XSpiPs_PolledTransfer' from incompatible pointer type
  var = XSpiPs_PolledTransfer(SPI_inst, &output_buffer, NULL, 2);  //Send 2 bytes. Don't receive anything
                                        ^
In file included from ../src/main.c:28:0:
../../sem_project_bsp/ps7_cortexa9_0/include/xspips.h:660:5: note: expected 'u8 *' but argument is of type 'u8 (*)[2]'
 s32 XSpiPs_PolledTransfer(XSpiPs *InstancePtr, u8 *SendBufPtr,
     ^
../src/main.c:530:6: warning: variable 'var' set but not used [-Wunused-but-set-variable]
  s32 var;
      ^
Finished building: ../src/main.c
 
Building target: sem_project.elf
Invoking: ARM gcc linker
arm-xilinx-eabi-gcc -Wl,-T -Wl,../src/lscript.ld -L../../sem_project_bsp/ps7_cortexa9_0/lib -o "sem_project.elf"  ./src/timer/timer_pwm_cnf.o  ./src/khaOS/rtcs_cpu.o ./src/khaOS/schedule.o  ./src/main.o ./src/platform.o   -lm -Wl,--start-group,-lxil,-lgcc,-lc,--end-group
Finished building target: sem_project.elf
 
Invoking: ARM Print Size
arm-xilinx-eabi-size sem_project.elf  |tee "sem_project.elf.size"
   text	   data	    bss	    dec	    hex	filename
 110752	   2456	  23388	 136596	  21594	sem_project.elf
Finished building: sem_project.elf.size
 
18:19:38 **** Incremental Build of configuration Debug for project sem_project ****
make all 
make: Nothing to be done for 'all'.
18:20:00 **** Auto Build of configuration Debug for project sem_project ****
make all 
Building file: ../src/main.c
Invoking: ARM gcc compiler
arm-xilinx-eabi-gcc -Wall -O0 -g3 -c -fmessage-length=0 -MT"src/main.o" -I../../sem_project_bsp/ps7_cortexa9_0/include -MMD -MP -MF"src/main.d" -MT"src/main.d" -o "src/main.o" "../src/main.c"
../src/main.c:70:0: warning: "XPAR_ENCODER_RM28MD_0_S00_AXI_BASEADDR" redefined
 #define XPAR_ENCODER_RM28MD_0_S00_AXI_BASEADDR    0x43C30000
 ^
In file included from ../src/main.c:24:0:
../../sem_project_bsp/ps7_cortexa9_0/include/xparameters.h:118:0: note: this is the location of the previous definition
 #define XPAR_ENCODER_RM28MD_0_S00_AXI_BASEADDR 0xFFFFFFFF
 ^
../src/main.c:71:0: warning: "XPAR_ENCODER_RM28MD_0_S00_AXI_HIGHADDR" redefined
 #define XPAR_ENCODER_RM28MD_0_S00_AXI_HIGHADDR    0x43C3FFFF
 ^
In file included from ../src/main.c:24:0:
../../sem_project_bsp/ps7_cortexa9_0/include/xparameters.h:119:0: note: this is the location of the previous definition
 #define XPAR_ENCODER_RM28MD_0_S00_AXI_HIGHADDR 0x00000000
 ^
In file included from ../src/main.c:22:0:
../src/main.c: In function 'init_pwm_task':
../src/khaOS/rtcs.h:30:28: warning: large integer implicitly truncated to unsigned type [-Woverflow]
 #define MILLI_SEC(X)       (X*100UL)/T_TICK   //Millisec tick
                            ^
../src/main.c:133:20: note: in expansion of macro 'MILLI_SEC'
  _starts(PWM_TASK, MILLI_SEC(1000));
                    ^
../src/main.c: In function 'interface_task':
../src/main.c:406:5: warning: implicit declaration of function 'sscanf' [-Wimplicit-function-declaration]
     sscanf(val, "%f", &kp);
     ^
../src/main.c:406:5: warning: incompatible implicit declaration of built-in function 'sscanf'
../src/main.c:407:5: warning: implicit declaration of function 'sprintf' [-Wimplicit-function-declaration]
     sprintf(tx_buffer, "kp was set: %f", kp);
     ^
../src/main.c:407:5: warning: incompatible implicit declaration of built-in function 'sprintf'
../src/main.c:413:5: warning: incompatible implicit declaration of built-in function 'sscanf'
     sscanf(val, "%f", &ki);
     ^
../src/main.c:414:5: warning: incompatible implicit declaration of built-in function 'sprintf'
     sprintf(tx_buffer, "ki was set: %f", ki);
     ^
../src/main.c:420:5: warning: incompatible implicit declaration of built-in function 'sscanf'
     sscanf(val, "%f", &q_max);
     ^
../src/main.c:421:5: warning: incompatible implicit declaration of built-in function 'sprintf'
     sprintf(tx_buffer, "qmax was set: %f", q_max);
     ^
../src/main.c: In function 'SPI_init':
../src/main.c:520:6: warning: variable 'var1' set but not used [-Wunused-but-set-variable]
  u32 var1;
      ^
../src/main.c: In function 'SPI_OC_OFF':
../src/main.c:532:40: warning: passing argument 2 of 'XSpiPs_PolledTransfer' from incompatible pointer type
  var = XSpiPs_PolledTransfer(SPI_inst, &output_buffer, NULL, 2);  //Send 2 bytes. Don't receive anything
                                        ^
In file included from ../src/main.c:28:0:
../../sem_project_bsp/ps7_cortexa9_0/include/xspips.h:660:5: note: expected 'u8 *' but argument is of type 'u8 (*)[2]'
 s32 XSpiPs_PolledTransfer(XSpiPs *InstancePtr, u8 *SendBufPtr,
     ^
../src/main.c:531:6: warning: variable 'var' set but not used [-Wunused-but-set-variable]
  s32 var;
      ^
Finished building: ../src/main.c
 
Building target: sem_project.elf
Invoking: ARM gcc linker
arm-xilinx-eabi-gcc -Wl,-T -Wl,../src/lscript.ld -L../../sem_project_bsp/ps7_cortexa9_0/lib -o "sem_project.elf"  ./src/timer/timer_pwm_cnf.o  ./src/khaOS/rtcs_cpu.o ./src/khaOS/schedule.o  ./src/main.o ./src/platform.o   -lm -Wl,--start-group,-lxil,-lgcc,-lc,--end-group
Finished building target: sem_project.elf
 
Invoking: ARM Print Size
arm-xilinx-eabi-size sem_project.elf  |tee "sem_project.elf.size"
   text	   data	    bss	    dec	    hex	filename
 110240	   2456	  23388	 136084	  21394	sem_project.elf
Finished building: sem_project.elf.size
 
18:20:12 **** Incremental Build of configuration Debug for project sem_project ****
make all 
make: Nothing to be done for 'all'.
18:21:22 **** Auto Build of configuration Debug for project sem_project ****
make all 
Building file: ../src/timer/timer_pwm_cnf.c
Invoking: ARM gcc compiler
arm-xilinx-eabi-gcc -Wall -O0 -g3 -c -fmessage-length=0 -MT"src/timer/timer_pwm_cnf.o" -I../../sem_project_bsp/ps7_cortexa9_0/include -MMD -MP -MF"src/timer/timer_pwm_cnf.d" -MT"src/timer/timer_pwm_cnf.d" -o "src/timer/timer_pwm_cnf.o" "../src/timer/timer_pwm_cnf.c"
Finished building: ../src/timer/timer_pwm_cnf.c
 
Building file: ../src/khaOS/schedule.c
Invoking: ARM gcc compiler
arm-xilinx-eabi-gcc -Wall -O0 -g3 -c -fmessage-length=0 -MT"src/khaOS/schedule.o" -I../../sem_project_bsp/ps7_cortexa9_0/include -MMD -MP -MF"src/khaOS/schedule.d" -MT"src/khaOS/schedule.d" -o "src/khaOS/schedule.o" "../src/khaOS/schedule.c"
../src/khaOS/schedule.c: In function 'start_rtcs_scheduler':
../src/khaOS/schedule.c:320:3: warning: implicit declaration of function 'Xil_In32' [-Wimplicit-function-declaration]
   if (Xil_In32(XSCUTIMER_0_INT_STATUS_REG) & 0x00000001)
   ^
../src/khaOS/schedule.c:323:4: warning: implicit declaration of function 'Xil_Out32' [-Wimplicit-function-declaration]
    Xil_Out32(XSCUTIMER_0_INT_STATUS_REG,0x00000001);
    ^
Finished building: ../src/khaOS/schedule.c
 
Building file: ../src/main.c
Invoking: ARM gcc compiler
arm-xilinx-eabi-gcc -Wall -O0 -g3 -c -fmessage-length=0 -MT"src/main.o" -I../../sem_project_bsp/ps7_cortexa9_0/include -MMD -MP -MF"src/main.d" -MT"src/main.d" -o "src/main.o" "../src/main.c"
../src/main.c:70:0: warning: "XPAR_ENCODER_RM28MD_0_S00_AXI_BASEADDR" redefined
 #define XPAR_ENCODER_RM28MD_0_S00_AXI_BASEADDR    0x43C30000
 ^
In file included from ../src/main.c:24:0:
../../sem_project_bsp/ps7_cortexa9_0/include/xparameters.h:118:0: note: this is the location of the previous definition
 #define XPAR_ENCODER_RM28MD_0_S00_AXI_BASEADDR 0xFFFFFFFF
 ^
../src/main.c:71:0: warning: "XPAR_ENCODER_RM28MD_0_S00_AXI_HIGHADDR" redefined
 #define XPAR_ENCODER_RM28MD_0_S00_AXI_HIGHADDR    0x43C3FFFF
 ^
In file included from ../src/main.c:24:0:
../../sem_project_bsp/ps7_cortexa9_0/include/xparameters.h:119:0: note: this is the location of the previous definition
 #define XPAR_ENCODER_RM28MD_0_S00_AXI_HIGHADDR 0x00000000
 ^
In file included from ../src/main.c:22:0:
../src/main.c: In function 'init_pwm_task':
../src/khaOS/rtcs.h:30:28: warning: large integer implicitly truncated to unsigned type [-Woverflow]
 #define MILLI_SEC(X)       (X*100UL)/T_TICK   //Millisec tick
                            ^
../src/main.c:133:20: note: in expansion of macro 'MILLI_SEC'
  _starts(PWM_TASK, MILLI_SEC(1000));
                    ^
../src/main.c: In function 'interface_task':
../src/main.c:406:5: warning: implicit declaration of function 'sscanf' [-Wimplicit-function-declaration]
     sscanf(val, "%f", &kp);
     ^
../src/main.c:406:5: warning: incompatible implicit declaration of built-in function 'sscanf'
../src/main.c:407:5: warning: implicit declaration of function 'sprintf' [-Wimplicit-function-declaration]
     sprintf(tx_buffer, "kp was set: %f", kp);
     ^
../src/main.c:407:5: warning: incompatible implicit declaration of built-in function 'sprintf'
../src/main.c:413:5: warning: incompatible implicit declaration of built-in function 'sscanf'
     sscanf(val, "%f", &ki);
     ^
../src/main.c:414:5: warning: incompatible implicit declaration of built-in function 'sprintf'
     sprintf(tx_buffer, "ki was set: %f", ki);
     ^
../src/main.c:420:5: warning: incompatible implicit declaration of built-in function 'sscanf'
     sscanf(val, "%f", &q_max);
     ^
../src/main.c:421:5: warning: incompatible implicit declaration of built-in function 'sprintf'
     sprintf(tx_buffer, "qmax was set: %f", q_max);
     ^
../src/main.c: In function 'SPI_init':
../src/main.c:520:6: warning: variable 'var1' set but not used [-Wunused-but-set-variable]
  u32 var1;
      ^
../src/main.c: In function 'SPI_OC_OFF':
../src/main.c:532:40: warning: passing argument 2 of 'XSpiPs_PolledTransfer' from incompatible pointer type
  var = XSpiPs_PolledTransfer(SPI_inst, &output_buffer, NULL, 2);  //Send 2 bytes. Don't receive anything
                                        ^
In file included from ../src/main.c:28:0:
../../sem_project_bsp/ps7_cortexa9_0/include/xspips.h:660:5: note: expected 'u8 *' but argument is of type 'u8 (*)[2]'
 s32 XSpiPs_PolledTransfer(XSpiPs *InstancePtr, u8 *SendBufPtr,
     ^
../src/main.c:531:6: warning: variable 'var' set but not used [-Wunused-but-set-variable]
  s32 var;
      ^
Finished building: ../src/main.c
 
Building target: sem_project.elf
Invoking: ARM gcc linker
arm-xilinx-eabi-gcc -Wl,-T -Wl,../src/lscript.ld -L../../sem_project_bsp/ps7_cortexa9_0/lib -o "sem_project.elf"  ./src/timer/timer_pwm_cnf.o  ./src/khaOS/rtcs_cpu.o ./src/khaOS/schedule.o  ./src/main.o ./src/platform.o   -lm -Wl,--start-group,-lxil,-lgcc,-lc,--end-group
Finished building target: sem_project.elf
 
Invoking: ARM Print Size
arm-xilinx-eabi-size sem_project.elf  |tee "sem_project.elf.size"
   text	   data	    bss	    dec	    hex	filename
 110240	   2456	  23388	 136084	  21394	sem_project.elf
Finished building: sem_project.elf.size
 
18:21:23 **** Incremental Build of configuration Debug for project sem_project ****
make all 
make: Nothing to be done for 'all'.
18:21:26 **** Incremental Build of configuration Debug for project sem_project ****
make all 
make: Nothing to be done for 'all'.
18:22:20 **** Auto Build of configuration Debug for project sem_project ****
make all 
Building file: ../src/timer/timer_pwm_cnf.c
Invoking: ARM gcc compiler
arm-xilinx-eabi-gcc -Wall -O0 -g3 -c -fmessage-length=0 -MT"src/timer/timer_pwm_cnf.o" -I../../sem_project_bsp/ps7_cortexa9_0/include -MMD -MP -MF"src/timer/timer_pwm_cnf.d" -MT"src/timer/timer_pwm_cnf.d" -o "src/timer/timer_pwm_cnf.o" "../src/timer/timer_pwm_cnf.c"
Finished building: ../src/timer/timer_pwm_cnf.c
 
Building file: ../src/khaOS/schedule.c
Invoking: ARM gcc compiler
arm-xilinx-eabi-gcc -Wall -O0 -g3 -c -fmessage-length=0 -MT"src/khaOS/schedule.o" -I../../sem_project_bsp/ps7_cortexa9_0/include -MMD -MP -MF"src/khaOS/schedule.d" -MT"src/khaOS/schedule.d" -o "src/khaOS/schedule.o" "../src/khaOS/schedule.c"
../src/khaOS/schedule.c: In function 'start_rtcs_scheduler':
../src/khaOS/schedule.c:320:3: warning: implicit declaration of function 'Xil_In32' [-Wimplicit-function-declaration]
   if (Xil_In32(XSCUTIMER_0_INT_STATUS_REG) & 0x00000001)
   ^
../src/khaOS/schedule.c:323:4: warning: implicit declaration of function 'Xil_Out32' [-Wimplicit-function-declaration]
    Xil_Out32(XSCUTIMER_0_INT_STATUS_REG,0x00000001);
    ^
Finished building: ../src/khaOS/schedule.c
 
Building file: ../src/main.c
Invoking: ARM gcc compiler
arm-xilinx-eabi-gcc -Wall -O0 -g3 -c -fmessage-length=0 -MT"src/main.o" -I../../sem_project_bsp/ps7_cortexa9_0/include -MMD -MP -MF"src/main.d" -MT"src/main.d" -o "src/main.o" "../src/main.c"
../src/main.c:70:0: warning: "XPAR_ENCODER_RM28MD_0_S00_AXI_BASEADDR" redefined
 #define XPAR_ENCODER_RM28MD_0_S00_AXI_BASEADDR    0x43C30000
 ^
In file included from ../src/main.c:24:0:
../../sem_project_bsp/ps7_cortexa9_0/include/xparameters.h:118:0: note: this is the location of the previous definition
 #define XPAR_ENCODER_RM28MD_0_S00_AXI_BASEADDR 0xFFFFFFFF
 ^
../src/main.c:71:0: warning: "XPAR_ENCODER_RM28MD_0_S00_AXI_HIGHADDR" redefined
 #define XPAR_ENCODER_RM28MD_0_S00_AXI_HIGHADDR    0x43C3FFFF
 ^
In file included from ../src/main.c:24:0:
../../sem_project_bsp/ps7_cortexa9_0/include/xparameters.h:119:0: note: this is the location of the previous definition
 #define XPAR_ENCODER_RM28MD_0_S00_AXI_HIGHADDR 0x00000000
 ^
In file included from ../src/main.c:22:0:
../src/main.c: In function 'init_pwm_task':
../src/khaOS/rtcs.h:30:28: warning: large integer implicitly truncated to unsigned type [-Woverflow]
 #define MILLI_SEC(X)       (X*100UL)/T_TICK   //Millisec tick
                            ^
../src/main.c:133:20: note: in expansion of macro 'MILLI_SEC'
  _starts(PWM_TASK, MILLI_SEC(1000));
                    ^
../src/main.c: In function 'interface_task':
../src/main.c:406:5: warning: implicit declaration of function 'sscanf' [-Wimplicit-function-declaration]
     sscanf(val, "%f", &kp);
     ^
../src/main.c:406:5: warning: incompatible implicit declaration of built-in function 'sscanf'
../src/main.c:407:5: warning: implicit declaration of function 'sprintf' [-Wimplicit-function-declaration]
     sprintf(tx_buffer, "kp was set: %f", kp);
     ^
../src/main.c:407:5: warning: incompatible implicit declaration of built-in function 'sprintf'
../src/main.c:413:5: warning: incompatible implicit declaration of built-in function 'sscanf'
     sscanf(val, "%f", &ki);
     ^
../src/main.c:414:5: warning: incompatible implicit declaration of built-in function 'sprintf'
     sprintf(tx_buffer, "ki was set: %f", ki);
     ^
../src/main.c:420:5: warning: incompatible implicit declaration of built-in function 'sscanf'
     sscanf(val, "%f", &q_max);
     ^
../src/main.c:421:5: warning: incompatible implicit declaration of built-in function 'sprintf'
     sprintf(tx_buffer, "qmax was set: %f", q_max);
     ^
../src/main.c: In function 'SPI_init':
../src/main.c:520:6: warning: variable 'var1' set but not used [-Wunused-but-set-variable]
  u32 var1;
      ^
../src/main.c: In function 'SPI_OC_OFF':
../src/main.c:532:40: warning: passing argument 2 of 'XSpiPs_PolledTransfer' from incompatible pointer type
  var = XSpiPs_PolledTransfer(SPI_inst, &output_buffer, NULL, 2);  //Send 2 bytes. Don't receive anything
                                        ^
In file included from ../src/main.c:28:0:
../../sem_project_bsp/ps7_cortexa9_0/include/xspips.h:660:5: note: expected 'u8 *' but argument is of type 'u8 (*)[2]'
 s32 XSpiPs_PolledTransfer(XSpiPs *InstancePtr, u8 *SendBufPtr,
     ^
../src/main.c:531:6: warning: variable 'var' set but not used [-Wunused-but-set-variable]
  s32 var;
      ^
Finished building: ../src/main.c
 
Building target: sem_project.elf
Invoking: ARM gcc linker
arm-xilinx-eabi-gcc -Wl,-T -Wl,../src/lscript.ld -L../../sem_project_bsp/ps7_cortexa9_0/lib -o "sem_project.elf"  ./src/timer/timer_pwm_cnf.o  ./src/khaOS/rtcs_cpu.o ./src/khaOS/schedule.o  ./src/main.o ./src/platform.o   -lm -Wl,--start-group,-lxil,-lgcc,-lc,--end-group
Finished building target: sem_project.elf
 
Invoking: ARM Print Size
arm-xilinx-eabi-size sem_project.elf  |tee "sem_project.elf.size"
   text	   data	    bss	    dec	    hex	filename
 110240	   2456	  23388	 136084	  21394	sem_project.elf
Finished building: sem_project.elf.size
 
18:22:22 **** Incremental Build of configuration Debug for project sem_project ****
make all 
make: Nothing to be done for 'all'.
18:22:49 **** Incremental Build of configuration Debug for project sem_project ****
make all 
make: Nothing to be done for 'all'.
18:24:08 **** Auto Build of configuration Debug for project sem_project ****
make all 
Building file: ../src/timer/timer_pwm_cnf.c
Invoking: ARM gcc compiler
arm-xilinx-eabi-gcc -Wall -O0 -g3 -c -fmessage-length=0 -MT"src/timer/timer_pwm_cnf.o" -I../../sem_project_bsp/ps7_cortexa9_0/include -MMD -MP -MF"src/timer/timer_pwm_cnf.d" -MT"src/timer/timer_pwm_cnf.d" -o "src/timer/timer_pwm_cnf.o" "../src/timer/timer_pwm_cnf.c"
Finished building: ../src/timer/timer_pwm_cnf.c
 
Building file: ../src/khaOS/schedule.c
Invoking: ARM gcc compiler
arm-xilinx-eabi-gcc -Wall -O0 -g3 -c -fmessage-length=0 -MT"src/khaOS/schedule.o" -I../../sem_project_bsp/ps7_cortexa9_0/include -MMD -MP -MF"src/khaOS/schedule.d" -MT"src/khaOS/schedule.d" -o "src/khaOS/schedule.o" "../src/khaOS/schedule.c"
../src/khaOS/schedule.c: In function 'start_rtcs_scheduler':
../src/khaOS/schedule.c:320:3: warning: implicit declaration of function 'Xil_In32' [-Wimplicit-function-declaration]
   if (Xil_In32(XSCUTIMER_0_INT_STATUS_REG) & 0x00000001)
   ^
../src/khaOS/schedule.c:323:4: warning: implicit declaration of function 'Xil_Out32' [-Wimplicit-function-declaration]
    Xil_Out32(XSCUTIMER_0_INT_STATUS_REG,0x00000001);
    ^
Finished building: ../src/khaOS/schedule.c
 
Building file: ../src/main.c
Invoking: ARM gcc compiler
arm-xilinx-eabi-gcc -Wall -O0 -g3 -c -fmessage-length=0 -MT"src/main.o" -I../../sem_project_bsp/ps7_cortexa9_0/include -MMD -MP -MF"src/main.d" -MT"src/main.d" -o "src/main.o" "../src/main.c"
../src/main.c:70:0: warning: "XPAR_ENCODER_RM28MD_0_S00_AXI_BASEADDR" redefined
 #define XPAR_ENCODER_RM28MD_0_S00_AXI_BASEADDR    0x43C30000
 ^
In file included from ../src/main.c:24:0:
../../sem_project_bsp/ps7_cortexa9_0/include/xparameters.h:118:0: note: this is the location of the previous definition
 #define XPAR_ENCODER_RM28MD_0_S00_AXI_BASEADDR 0xFFFFFFFF
 ^
../src/main.c:71:0: warning: "XPAR_ENCODER_RM28MD_0_S00_AXI_HIGHADDR" redefined
 #define XPAR_ENCODER_RM28MD_0_S00_AXI_HIGHADDR    0x43C3FFFF
 ^
In file included from ../src/main.c:24:0:
../../sem_project_bsp/ps7_cortexa9_0/include/xparameters.h:119:0: note: this is the location of the previous definition
 #define XPAR_ENCODER_RM28MD_0_S00_AXI_HIGHADDR 0x00000000
 ^
In file included from ../src/main.c:22:0:
../src/main.c: In function 'init_pwm_task':
../src/khaOS/rtcs.h:30:28: warning: large integer implicitly truncated to unsigned type [-Woverflow]
 #define MILLI_SEC(X)       (X*100UL)/T_TICK   //Millisec tick
                            ^
../src/main.c:133:20: note: in expansion of macro 'MILLI_SEC'
  _starts(PWM_TASK, MILLI_SEC(1000));
                    ^
../src/main.c: In function 'interface_task':
../src/main.c:406:5: warning: implicit declaration of function 'sscanf' [-Wimplicit-function-declaration]
     sscanf(val, "%f", &kp);
     ^
../src/main.c:406:5: warning: incompatible implicit declaration of built-in function 'sscanf'
../src/main.c:407:5: warning: implicit declaration of function 'sprintf' [-Wimplicit-function-declaration]
     sprintf(tx_buffer, "kp was set: %f", kp);
     ^
../src/main.c:407:5: warning: incompatible implicit declaration of built-in function 'sprintf'
../src/main.c:413:5: warning: incompatible implicit declaration of built-in function 'sscanf'
     sscanf(val, "%f", &ki);
     ^
../src/main.c:414:5: warning: incompatible implicit declaration of built-in function 'sprintf'
     sprintf(tx_buffer, "ki was set: %f", ki);
     ^
../src/main.c:420:5: warning: incompatible implicit declaration of built-in function 'sscanf'
     sscanf(val, "%f", &q_max);
     ^
../src/main.c:421:5: warning: incompatible implicit declaration of built-in function 'sprintf'
     sprintf(tx_buffer, "qmax was set: %f", q_max);
     ^
../src/main.c: In function 'SPI_init':
../src/main.c:520:6: warning: variable 'var1' set but not used [-Wunused-but-set-variable]
  u32 var1;
      ^
../src/main.c: In function 'SPI_OC_OFF':
../src/main.c:532:40: warning: passing argument 2 of 'XSpiPs_PolledTransfer' from incompatible pointer type
  var = XSpiPs_PolledTransfer(SPI_inst, &output_buffer, NULL, 2);  //Send 2 bytes. Don't receive anything
                                        ^
In file included from ../src/main.c:28:0:
../../sem_project_bsp/ps7_cortexa9_0/include/xspips.h:660:5: note: expected 'u8 *' but argument is of type 'u8 (*)[2]'
 s32 XSpiPs_PolledTransfer(XSpiPs *InstancePtr, u8 *SendBufPtr,
     ^
../src/main.c:531:6: warning: variable 'var' set but not used [-Wunused-but-set-variable]
  s32 var;
      ^
Finished building: ../src/main.c
 
Building target: sem_project.elf
Invoking: ARM gcc linker
arm-xilinx-eabi-gcc -Wl,-T -Wl,../src/lscript.ld -L../../sem_project_bsp/ps7_cortexa9_0/lib -o "sem_project.elf"  ./src/timer/timer_pwm_cnf.o  ./src/khaOS/rtcs_cpu.o ./src/khaOS/schedule.o  ./src/main.o ./src/platform.o   -lm -Wl,--start-group,-lxil,-lgcc,-lc,--end-group
Finished building target: sem_project.elf
 
Invoking: ARM Print Size
arm-xilinx-eabi-size sem_project.elf  |tee "sem_project.elf.size"
   text	   data	    bss	    dec	    hex	filename
 110240	   2456	  23388	 136084	  21394	sem_project.elf
Finished building: sem_project.elf.size
 
18:24:17 **** Auto Build of configuration Debug for project sem_project ****
make all 
Building file: ../src/main.c
Invoking: ARM gcc compiler
arm-xilinx-eabi-gcc -Wall -O0 -g3 -c -fmessage-length=0 -MT"src/main.o" -I../../sem_project_bsp/ps7_cortexa9_0/include -MMD -MP -MF"src/main.d" -MT"src/main.d" -o "src/main.o" "../src/main.c"
../src/main.c:70:0: warning: "XPAR_ENCODER_RM28MD_0_S00_AXI_BASEADDR" redefined
 #define XPAR_ENCODER_RM28MD_0_S00_AXI_BASEADDR    0x43C30000
 ^
In file included from ../src/main.c:24:0:
../../sem_project_bsp/ps7_cortexa9_0/include/xparameters.h:118:0: note: this is the location of the previous definition
 #define XPAR_ENCODER_RM28MD_0_S00_AXI_BASEADDR 0xFFFFFFFF
 ^
../src/main.c:71:0: warning: "XPAR_ENCODER_RM28MD_0_S00_AXI_HIGHADDR" redefined
 #define XPAR_ENCODER_RM28MD_0_S00_AXI_HIGHADDR    0x43C3FFFF
 ^
In file included from ../src/main.c:24:0:
../../sem_project_bsp/ps7_cortexa9_0/include/xparameters.h:119:0: note: this is the location of the previous definition
 #define XPAR_ENCODER_RM28MD_0_S00_AXI_HIGHADDR 0x00000000
 ^
In file included from ../src/main.c:22:0:
../src/main.c: In function 'init_pwm_task':
../src/khaOS/rtcs.h:30:28: warning: large integer implicitly truncated to unsigned type [-Woverflow]
 #define MILLI_SEC(X)       (X*100UL)/T_TICK   //Millisec tick
                            ^
../src/main.c:133:20: note: in expansion of macro 'MILLI_SEC'
  _starts(PWM_TASK, MILLI_SEC(1000));
                    ^
../src/main.c: In function 'interface_task':
../src/main.c:405:5: warning: implicit declaration of function 'sscanf' [-Wimplicit-function-declaration]
     sscanf(val, "%f", &kp);
     ^
../src/main.c:405:5: warning: incompatible implicit declaration of built-in function 'sscanf'
../src/main.c:406:5: warning: implicit declaration of function 'sprintf' [-Wimplicit-function-declaration]
     sprintf(tx_buffer, "kp was set: %f", kp);
     ^
../src/main.c:406:5: warning: incompatible implicit declaration of built-in function 'sprintf'
../src/main.c:412:5: warning: incompatible implicit declaration of built-in function 'sscanf'
     sscanf(val, "%f", &ki);
     ^
../src/main.c:413:5: warning: incompatible implicit declaration of built-in function 'sprintf'
     sprintf(tx_buffer, "ki was set: %f", ki);
     ^
../src/main.c:419:5: warning: incompatible implicit declaration of built-in function 'sscanf'
     sscanf(val, "%f", &q_max);
     ^
../src/main.c:420:5: warning: incompatible implicit declaration of built-in function 'sprintf'
     sprintf(tx_buffer, "qmax was set: %f", q_max);
     ^
../src/main.c: In function 'SPI_init':
../src/main.c:519:6: warning: variable 'var1' set but not used [-Wunused-but-set-variable]
  u32 var1;
      ^
../src/main.c: In function 'SPI_OC_OFF':
../src/main.c:531:40: warning: passing argument 2 of 'XSpiPs_PolledTransfer' from incompatible pointer type
  var = XSpiPs_PolledTransfer(SPI_inst, &output_buffer, NULL, 2);  //Send 2 bytes. Don't receive anything
                                        ^
In file included from ../src/main.c:28:0:
../../sem_project_bsp/ps7_cortexa9_0/include/xspips.h:660:5: note: expected 'u8 *' but argument is of type 'u8 (*)[2]'
 s32 XSpiPs_PolledTransfer(XSpiPs *InstancePtr, u8 *SendBufPtr,
     ^
../src/main.c:530:6: warning: variable 'var' set but not used [-Wunused-but-set-variable]
  s32 var;
      ^
Finished building: ../src/main.c
 
Building target: sem_project.elf
Invoking: ARM gcc linker
arm-xilinx-eabi-gcc -Wl,-T -Wl,../src/lscript.ld -L../../sem_project_bsp/ps7_cortexa9_0/lib -o "sem_project.elf"  ./src/timer/timer_pwm_cnf.o  ./src/khaOS/rtcs_cpu.o ./src/khaOS/schedule.o  ./src/main.o ./src/platform.o   -lm -Wl,--start-group,-lxil,-lgcc,-lc,--end-group
Finished building target: sem_project.elf
 
Invoking: ARM Print Size
arm-xilinx-eabi-size sem_project.elf  |tee "sem_project.elf.size"
   text	   data	    bss	    dec	    hex	filename
 116076	   2456	  23388	 141920	  22a60	sem_project.elf
Finished building: sem_project.elf.size
 
18:24:18 **** Incremental Build of configuration Debug for project sem_project ****
make all 
make: Nothing to be done for 'all'.
18:24:49 **** Incremental Build of configuration Debug for project sem_project ****
make all 
make: Nothing to be done for 'all'.
18:25:08 **** Auto Build of configuration Debug for project sem_project ****
make all 
Building file: ../src/main.c
Invoking: ARM gcc compiler
arm-xilinx-eabi-gcc -Wall -O0 -g3 -c -fmessage-length=0 -MT"src/main.o" -I../../sem_project_bsp/ps7_cortexa9_0/include -MMD -MP -MF"src/main.d" -MT"src/main.d" -o "src/main.o" "../src/main.c"
../src/main.c:70:0: warning: "XPAR_ENCODER_RM28MD_0_S00_AXI_BASEADDR" redefined
 #define XPAR_ENCODER_RM28MD_0_S00_AXI_BASEADDR    0x43C30000
 ^
In file included from ../src/main.c:24:0:
../../sem_project_bsp/ps7_cortexa9_0/include/xparameters.h:118:0: note: this is the location of the previous definition
 #define XPAR_ENCODER_RM28MD_0_S00_AXI_BASEADDR 0xFFFFFFFF
 ^
../src/main.c:71:0: warning: "XPAR_ENCODER_RM28MD_0_S00_AXI_HIGHADDR" redefined
 #define XPAR_ENCODER_RM28MD_0_S00_AXI_HIGHADDR    0x43C3FFFF
 ^
In file included from ../src/main.c:24:0:
../../sem_project_bsp/ps7_cortexa9_0/include/xparameters.h:119:0: note: this is the location of the previous definition
 #define XPAR_ENCODER_RM28MD_0_S00_AXI_HIGHADDR 0x00000000
 ^
In file included from ../src/main.c:22:0:
../src/main.c: In function 'init_pwm_task':
../src/khaOS/rtcs.h:30:28: warning: large integer implicitly truncated to unsigned type [-Woverflow]
 #define MILLI_SEC(X)       (X*100UL)/T_TICK   //Millisec tick
                            ^
../src/main.c:133:20: note: in expansion of macro 'MILLI_SEC'
  _starts(PWM_TASK, MILLI_SEC(1000));
                    ^
../src/main.c: In function 'pwm_task':
../src/main.c:150:8: warning: unused variable 'third_harmonic' [-Wunused-variable]
  float third_harmonic;
        ^
../src/main.c:149:14: warning: variable 'c' set but not used [-Wunused-but-set-variable]
  float a, b, c;
              ^
../src/main.c:149:11: warning: variable 'b' set but not used [-Wunused-but-set-variable]
  float a, b, c;
           ^
../src/main.c:149:8: warning: variable 'a' set but not used [-Wunused-but-set-variable]
  float a, b, c;
        ^
../src/main.c: In function 'interface_task':
../src/main.c:405:5: warning: implicit declaration of function 'sscanf' [-Wimplicit-function-declaration]
     sscanf(val, "%f", &kp);
     ^
../src/main.c:405:5: warning: incompatible implicit declaration of built-in function 'sscanf'
../src/main.c:406:5: warning: implicit declaration of function 'sprintf' [-Wimplicit-function-declaration]
     sprintf(tx_buffer, "kp was set: %f", kp);
     ^
../src/main.c:406:5: warning: incompatible implicit declaration of built-in function 'sprintf'
../src/main.c:412:5: warning: incompatible implicit declaration of built-in function 'sscanf'
     sscanf(val, "%f", &ki);
     ^
../src/main.c:413:5: warning: incompatible implicit declaration of built-in function 'sprintf'
     sprintf(tx_buffer, "ki was set: %f", ki);
     ^
../src/main.c:419:5: warning: incompatible implicit declaration of built-in function 'sscanf'
     sscanf(val, "%f", &q_max);
     ^
../src/main.c:420:5: warning: incompatible implicit declaration of built-in function 'sprintf'
     sprintf(tx_buffer, "qmax was set: %f", q_max);
     ^
../src/main.c: In function 'SPI_init':
../src/main.c:519:6: warning: variable 'var1' set but not used [-Wunused-but-set-variable]
  u32 var1;
      ^
../src/main.c: In function 'SPI_OC_OFF':
../src/main.c:531:40: warning: passing argument 2 of 'XSpiPs_PolledTransfer' from incompatible pointer type
  var = XSpiPs_PolledTransfer(SPI_inst, &output_buffer, NULL, 2);  //Send 2 bytes. Don't receive anything
                                        ^
In file included from ../src/main.c:28:0:
../../sem_project_bsp/ps7_cortexa9_0/include/xspips.h:660:5: note: expected 'u8 *' but argument is of type 'u8 (*)[2]'
 s32 XSpiPs_PolledTransfer(XSpiPs *InstancePtr, u8 *SendBufPtr,
     ^
../src/main.c:530:6: warning: variable 'var' set but not used [-Wunused-but-set-variable]
  s32 var;
      ^
Finished building: ../src/main.c
 
Building target: sem_project.elf
Invoking: ARM gcc linker
arm-xilinx-eabi-gcc -Wl,-T -Wl,../src/lscript.ld -L../../sem_project_bsp/ps7_cortexa9_0/lib -o "sem_project.elf"  ./src/timer/timer_pwm_cnf.o  ./src/khaOS/rtcs_cpu.o ./src/khaOS/schedule.o  ./src/main.o ./src/platform.o   -lm -Wl,--start-group,-lxil,-lgcc,-lc,--end-group
Finished building target: sem_project.elf
 
Invoking: ARM Print Size
arm-xilinx-eabi-size sem_project.elf  |tee "sem_project.elf.size"
   text	   data	    bss	    dec	    hex	filename
 110752	   2456	  23388	 136596	  21594	sem_project.elf
Finished building: sem_project.elf.size
 
18:25:09 **** Incremental Build of configuration Debug for project sem_project ****
make all 
make: Nothing to be done for 'all'.
18:26:03 **** Auto Build of configuration Debug for project sem_project ****
make all 
Building file: ../src/main.c
Invoking: ARM gcc compiler
arm-xilinx-eabi-gcc -Wall -O0 -g3 -c -fmessage-length=0 -MT"src/main.o" -I../../sem_project_bsp/ps7_cortexa9_0/include -MMD -MP -MF"src/main.d" -MT"src/main.d" -o "src/main.o" "../src/main.c"
../src/main.c:70:0: warning: "XPAR_ENCODER_RM28MD_0_S00_AXI_BASEADDR" redefined
 #define XPAR_ENCODER_RM28MD_0_S00_AXI_BASEADDR    0x43C30000
 ^
In file included from ../src/main.c:24:0:
../../sem_project_bsp/ps7_cortexa9_0/include/xparameters.h:118:0: note: this is the location of the previous definition
 #define XPAR_ENCODER_RM28MD_0_S00_AXI_BASEADDR 0xFFFFFFFF
 ^
../src/main.c:71:0: warning: "XPAR_ENCODER_RM28MD_0_S00_AXI_HIGHADDR" redefined
 #define XPAR_ENCODER_RM28MD_0_S00_AXI_HIGHADDR    0x43C3FFFF
 ^
In file included from ../src/main.c:24:0:
../../sem_project_bsp/ps7_cortexa9_0/include/xparameters.h:119:0: note: this is the location of the previous definition
 #define XPAR_ENCODER_RM28MD_0_S00_AXI_HIGHADDR 0x00000000
 ^
In file included from ../src/main.c:22:0:
../src/main.c: In function 'init_pwm_task':
../src/khaOS/rtcs.h:30:28: warning: large integer implicitly truncated to unsigned type [-Woverflow]
 #define MILLI_SEC(X)       (X*100UL)/T_TICK   //Millisec tick
                            ^
../src/main.c:133:20: note: in expansion of macro 'MILLI_SEC'
  _starts(PWM_TASK, MILLI_SEC(1000));
                    ^
../src/main.c: In function 'interface_task':
../src/main.c:405:5: warning: implicit declaration of function 'sscanf' [-Wimplicit-function-declaration]
     sscanf(val, "%f", &kp);
     ^
../src/main.c:405:5: warning: incompatible implicit declaration of built-in function 'sscanf'
../src/main.c:406:5: warning: implicit declaration of function 'sprintf' [-Wimplicit-function-declaration]
     sprintf(tx_buffer, "kp was set: %f", kp);
     ^
../src/main.c:406:5: warning: incompatible implicit declaration of built-in function 'sprintf'
../src/main.c:412:5: warning: incompatible implicit declaration of built-in function 'sscanf'
     sscanf(val, "%f", &ki);
     ^
../src/main.c:413:5: warning: incompatible implicit declaration of built-in function 'sprintf'
     sprintf(tx_buffer, "ki was set: %f", ki);
     ^
../src/main.c:419:5: warning: incompatible implicit declaration of built-in function 'sscanf'
     sscanf(val, "%f", &q_max);
     ^
../src/main.c:420:5: warning: incompatible implicit declaration of built-in function 'sprintf'
     sprintf(tx_buffer, "qmax was set: %f", q_max);
     ^
../src/main.c: In function 'SPI_init':
../src/main.c:519:6: warning: variable 'var1' set but not used [-Wunused-but-set-variable]
  u32 var1;
      ^
../src/main.c: In function 'SPI_OC_OFF':
../src/main.c:531:40: warning: passing argument 2 of 'XSpiPs_PolledTransfer' from incompatible pointer type
  var = XSpiPs_PolledTransfer(SPI_inst, &output_buffer, NULL, 2);  //Send 2 bytes. Don't receive anything
                                        ^
In file included from ../src/main.c:28:0:
../../sem_project_bsp/ps7_cortexa9_0/include/xspips.h:660:5: note: expected 'u8 *' but argument is of type 'u8 (*)[2]'
 s32 XSpiPs_PolledTransfer(XSpiPs *InstancePtr, u8 *SendBufPtr,
     ^
../src/main.c:530:6: warning: variable 'var' set but not used [-Wunused-but-set-variable]
  s32 var;
      ^
Finished building: ../src/main.c
 
Building target: sem_project.elf
Invoking: ARM gcc linker
arm-xilinx-eabi-gcc -Wl,-T -Wl,../src/lscript.ld -L../../sem_project_bsp/ps7_cortexa9_0/lib -o "sem_project.elf"  ./src/timer/timer_pwm_cnf.o  ./src/khaOS/rtcs_cpu.o ./src/khaOS/schedule.o  ./src/main.o ./src/platform.o   -lm -Wl,--start-group,-lxil,-lgcc,-lc,--end-group
Finished building target: sem_project.elf
 
Invoking: ARM Print Size
arm-xilinx-eabi-size sem_project.elf  |tee "sem_project.elf.size"
   text	   data	    bss	    dec	    hex	filename
 116076	   2456	  23388	 141920	  22a60	sem_project.elf
Finished building: sem_project.elf.size
 
18:26:05 **** Incremental Build of configuration Debug for project sem_project ****
make all 
make: Nothing to be done for 'all'.
18:26:42 **** Auto Build of configuration Debug for project sem_project ****
make all 
Building file: ../src/main.c
Invoking: ARM gcc compiler
arm-xilinx-eabi-gcc -Wall -O0 -g3 -c -fmessage-length=0 -MT"src/main.o" -I../../sem_project_bsp/ps7_cortexa9_0/include -MMD -MP -MF"src/main.d" -MT"src/main.d" -o "src/main.o" "../src/main.c"
../src/main.c:70:0: warning: "XPAR_ENCODER_RM28MD_0_S00_AXI_BASEADDR" redefined
 #define XPAR_ENCODER_RM28MD_0_S00_AXI_BASEADDR    0x43C30000
 ^
In file included from ../src/main.c:24:0:
../../sem_project_bsp/ps7_cortexa9_0/include/xparameters.h:118:0: note: this is the location of the previous definition
 #define XPAR_ENCODER_RM28MD_0_S00_AXI_BASEADDR 0xFFFFFFFF
 ^
../src/main.c:71:0: warning: "XPAR_ENCODER_RM28MD_0_S00_AXI_HIGHADDR" redefined
 #define XPAR_ENCODER_RM28MD_0_S00_AXI_HIGHADDR    0x43C3FFFF
 ^
In file included from ../src/main.c:24:0:
../../sem_project_bsp/ps7_cortexa9_0/include/xparameters.h:119:0: note: this is the location of the previous definition
 #define XPAR_ENCODER_RM28MD_0_S00_AXI_HIGHADDR 0x00000000
 ^
In file included from ../src/main.c:22:0:
../src/main.c: In function 'init_pwm_task':
../src/khaOS/rtcs.h:30:28: warning: large integer implicitly truncated to unsigned type [-Woverflow]
 #define MILLI_SEC(X)       (X*100UL)/T_TICK   //Millisec tick
                            ^
../src/main.c:133:20: note: in expansion of macro 'MILLI_SEC'
  _starts(PWM_TASK, MILLI_SEC(1000));
                    ^
../src/main.c: In function 'pwm_task':
../src/main.c:172:3: warning: "/*" within comment [-Wcomment]
 ///* int d,q,z_seq;
 ^
../src/main.c: In function 'interface_task':
../src/main.c:405:5: warning: implicit declaration of function 'sscanf' [-Wimplicit-function-declaration]
     sscanf(val, "%f", &kp);
     ^
../src/main.c:405:5: warning: incompatible implicit declaration of built-in function 'sscanf'
../src/main.c:406:5: warning: implicit declaration of function 'sprintf' [-Wimplicit-function-declaration]
     sprintf(tx_buffer, "kp was set: %f", kp);
     ^
../src/main.c:406:5: warning: incompatible implicit declaration of built-in function 'sprintf'
../src/main.c:412:5: warning: incompatible implicit declaration of built-in function 'sscanf'
     sscanf(val, "%f", &ki);
     ^
../src/main.c:413:5: warning: incompatible implicit declaration of built-in function 'sprintf'
     sprintf(tx_buffer, "ki was set: %f", ki);
     ^
../src/main.c:419:5: warning: incompatible implicit declaration of built-in function 'sscanf'
     sscanf(val, "%f", &q_max);
     ^
../src/main.c:420:5: warning: incompatible implicit declaration of built-in function 'sprintf'
     sprintf(tx_buffer, "qmax was set: %f", q_max);
     ^
../src/main.c: In function 'SPI_init':
../src/main.c:519:6: warning: variable 'var1' set but not used [-Wunused-but-set-variable]
  u32 var1;
      ^
../src/main.c: In function 'SPI_OC_OFF':
../src/main.c:531:40: warning: passing argument 2 of 'XSpiPs_PolledTransfer' from incompatible pointer type
  var = XSpiPs_PolledTransfer(SPI_inst, &output_buffer, NULL, 2);  //Send 2 bytes. Don't receive anything
                                        ^
In file included from ../src/main.c:28:0:
../../sem_project_bsp/ps7_cortexa9_0/include/xspips.h:660:5: note: expected 'u8 *' but argument is of type 'u8 (*)[2]'
 s32 XSpiPs_PolledTransfer(XSpiPs *InstancePtr, u8 *SendBufPtr,
     ^
../src/main.c:530:6: warning: variable 'var' set but not used [-Wunused-but-set-variable]
  s32 var;
      ^
Finished building: ../src/main.c
 
Building target: sem_project.elf
Invoking: ARM gcc linker
arm-xilinx-eabi-gcc -Wl,-T -Wl,../src/lscript.ld -L../../sem_project_bsp/ps7_cortexa9_0/lib -o "sem_project.elf"  ./src/timer/timer_pwm_cnf.o  ./src/khaOS/rtcs_cpu.o ./src/khaOS/schedule.o  ./src/main.o ./src/platform.o   -lm -Wl,--start-group,-lxil,-lgcc,-lc,--end-group
Finished building target: sem_project.elf
 
Invoking: ARM Print Size
arm-xilinx-eabi-size sem_project.elf  |tee "sem_project.elf.size"
   text	   data	    bss	    dec	    hex	filename
 110240	   2456	  23388	 136084	  21394	sem_project.elf
Finished building: sem_project.elf.size
 
18:26:43 **** Incremental Build of configuration Debug for project sem_project ****
make all 
make: Nothing to be done for 'all'.
18:26:59 **** Auto Build of configuration Debug for project sem_project ****
make all 
Building file: ../src/main.c
Invoking: ARM gcc compiler
arm-xilinx-eabi-gcc -Wall -O0 -g3 -c -fmessage-length=0 -MT"src/main.o" -I../../sem_project_bsp/ps7_cortexa9_0/include -MMD -MP -MF"src/main.d" -MT"src/main.d" -o "src/main.o" "../src/main.c"
../src/main.c:70:0: warning: "XPAR_ENCODER_RM28MD_0_S00_AXI_BASEADDR" redefined
 #define XPAR_ENCODER_RM28MD_0_S00_AXI_BASEADDR    0x43C30000
 ^
In file included from ../src/main.c:24:0:
../../sem_project_bsp/ps7_cortexa9_0/include/xparameters.h:118:0: note: this is the location of the previous definition
 #define XPAR_ENCODER_RM28MD_0_S00_AXI_BASEADDR 0xFFFFFFFF
 ^
../src/main.c:71:0: warning: "XPAR_ENCODER_RM28MD_0_S00_AXI_HIGHADDR" redefined
 #define XPAR_ENCODER_RM28MD_0_S00_AXI_HIGHADDR    0x43C3FFFF
 ^
In file included from ../src/main.c:24:0:
../../sem_project_bsp/ps7_cortexa9_0/include/xparameters.h:119:0: note: this is the location of the previous definition
 #define XPAR_ENCODER_RM28MD_0_S00_AXI_HIGHADDR 0x00000000
 ^
In file included from ../src/main.c:22:0:
../src/main.c: In function 'init_pwm_task':
../src/khaOS/rtcs.h:30:28: warning: large integer implicitly truncated to unsigned type [-Woverflow]
 #define MILLI_SEC(X)       (X*100UL)/T_TICK   //Millisec tick
                            ^
../src/main.c:133:20: note: in expansion of macro 'MILLI_SEC'
  _starts(PWM_TASK, MILLI_SEC(1000));
                    ^
../src/main.c: In function 'pwm_task':
../src/main.c:150:8: warning: unused variable 'third_harmonic' [-Wunused-variable]
  float third_harmonic;
        ^
../src/main.c:149:14: warning: variable 'c' set but not used [-Wunused-but-set-variable]
  float a, b, c;
              ^
../src/main.c:149:11: warning: variable 'b' set but not used [-Wunused-but-set-variable]
  float a, b, c;
           ^
../src/main.c:149:8: warning: variable 'a' set but not used [-Wunused-but-set-variable]
  float a, b, c;
        ^
../src/main.c: In function 'interface_task':
../src/main.c:405:5: warning: implicit declaration of function 'sscanf' [-Wimplicit-function-declaration]
     sscanf(val, "%f", &kp);
     ^
../src/main.c:405:5: warning: incompatible implicit declaration of built-in function 'sscanf'
../src/main.c:406:5: warning: implicit declaration of function 'sprintf' [-Wimplicit-function-declaration]
     sprintf(tx_buffer, "kp was set: %f", kp);
     ^
../src/main.c:406:5: warning: incompatible implicit declaration of built-in function 'sprintf'
../src/main.c:412:5: warning: incompatible implicit declaration of built-in function 'sscanf'
     sscanf(val, "%f", &ki);
     ^
../src/main.c:413:5: warning: incompatible implicit declaration of built-in function 'sprintf'
     sprintf(tx_buffer, "ki was set: %f", ki);
     ^
../src/main.c:419:5: warning: incompatible implicit declaration of built-in function 'sscanf'
     sscanf(val, "%f", &q_max);
     ^
../src/main.c:420:5: warning: incompatible implicit declaration of built-in function 'sprintf'
     sprintf(tx_buffer, "qmax was set: %f", q_max);
     ^
../src/main.c: In function 'SPI_init':
../src/main.c:519:6: warning: variable 'var1' set but not used [-Wunused-but-set-variable]
  u32 var1;
      ^
../src/main.c: In function 'SPI_OC_OFF':
../src/main.c:531:40: warning: passing argument 2 of 'XSpiPs_PolledTransfer' from incompatible pointer type
  var = XSpiPs_PolledTransfer(SPI_inst, &output_buffer, NULL, 2);  //Send 2 bytes. Don't receive anything
                                        ^
In file included from ../src/main.c:28:0:
../../sem_project_bsp/ps7_cortexa9_0/include/xspips.h:660:5: note: expected 'u8 *' but argument is of type 'u8 (*)[2]'
 s32 XSpiPs_PolledTransfer(XSpiPs *InstancePtr, u8 *SendBufPtr,
     ^
../src/main.c:530:6: warning: variable 'var' set but not used [-Wunused-but-set-variable]
  s32 var;
      ^
Finished building: ../src/main.c
 
Building target: sem_project.elf
Invoking: ARM gcc linker
arm-xilinx-eabi-gcc -Wl,-T -Wl,../src/lscript.ld -L../../sem_project_bsp/ps7_cortexa9_0/lib -o "sem_project.elf"  ./src/timer/timer_pwm_cnf.o  ./src/khaOS/rtcs_cpu.o ./src/khaOS/schedule.o  ./src/main.o ./src/platform.o   -lm -Wl,--start-group,-lxil,-lgcc,-lc,--end-group
Finished building target: sem_project.elf
 
Invoking: ARM Print Size
arm-xilinx-eabi-size sem_project.elf  |tee "sem_project.elf.size"
   text	   data	    bss	    dec	    hex	filename
 110752	   2456	  23388	 136596	  21594	sem_project.elf
Finished building: sem_project.elf.size
 
18:27:01 **** Incremental Build of configuration Debug for project sem_project ****
make all 
make: Nothing to be done for 'all'.
18:27:26 **** Auto Build of configuration Debug for project sem_project ****
make all 
Building file: ../src/main.c
Invoking: ARM gcc compiler
arm-xilinx-eabi-gcc -Wall -O0 -g3 -c -fmessage-length=0 -MT"src/main.o" -I../../sem_project_bsp/ps7_cortexa9_0/include -MMD -MP -MF"src/main.d" -MT"src/main.d" -o "src/main.o" "../src/main.c"
../src/main.c:70:0: warning: "XPAR_ENCODER_RM28MD_0_S00_AXI_BASEADDR" redefined
 #define XPAR_ENCODER_RM28MD_0_S00_AXI_BASEADDR    0x43C30000
 ^
In file included from ../src/main.c:24:0:
../../sem_project_bsp/ps7_cortexa9_0/include/xparameters.h:118:0: note: this is the location of the previous definition
 #define XPAR_ENCODER_RM28MD_0_S00_AXI_BASEADDR 0xFFFFFFFF
 ^
../src/main.c:71:0: warning: "XPAR_ENCODER_RM28MD_0_S00_AXI_HIGHADDR" redefined
 #define XPAR_ENCODER_RM28MD_0_S00_AXI_HIGHADDR    0x43C3FFFF
 ^
In file included from ../src/main.c:24:0:
../../sem_project_bsp/ps7_cortexa9_0/include/xparameters.h:119:0: note: this is the location of the previous definition
 #define XPAR_ENCODER_RM28MD_0_S00_AXI_HIGHADDR 0x00000000
 ^
In file included from ../src/main.c:22:0:
../src/main.c: In function 'init_pwm_task':
../src/khaOS/rtcs.h:30:28: warning: large integer implicitly truncated to unsigned type [-Woverflow]
 #define MILLI_SEC(X)       (X*100UL)/T_TICK   //Millisec tick
                            ^
../src/main.c:133:20: note: in expansion of macro 'MILLI_SEC'
  _starts(PWM_TASK, MILLI_SEC(1000));
                    ^
../src/main.c: In function 'interface_task':
../src/main.c:405:5: warning: implicit declaration of function 'sscanf' [-Wimplicit-function-declaration]
     sscanf(val, "%f", &kp);
     ^
../src/main.c:405:5: warning: incompatible implicit declaration of built-in function 'sscanf'
../src/main.c:406:5: warning: implicit declaration of function 'sprintf' [-Wimplicit-function-declaration]
     sprintf(tx_buffer, "kp was set: %f", kp);
     ^
../src/main.c:406:5: warning: incompatible implicit declaration of built-in function 'sprintf'
../src/main.c:412:5: warning: incompatible implicit declaration of built-in function 'sscanf'
     sscanf(val, "%f", &ki);
     ^
../src/main.c:413:5: warning: incompatible implicit declaration of built-in function 'sprintf'
     sprintf(tx_buffer, "ki was set: %f", ki);
     ^
../src/main.c:419:5: warning: incompatible implicit declaration of built-in function 'sscanf'
     sscanf(val, "%f", &q_max);
     ^
../src/main.c:420:5: warning: incompatible implicit declaration of built-in function 'sprintf'
     sprintf(tx_buffer, "qmax was set: %f", q_max);
     ^
../src/main.c: In function 'SPI_init':
../src/main.c:519:6: warning: variable 'var1' set but not used [-Wunused-but-set-variable]
  u32 var1;
      ^
../src/main.c: In function 'SPI_OC_OFF':
../src/main.c:531:40: warning: passing argument 2 of 'XSpiPs_PolledTransfer' from incompatible pointer type
  var = XSpiPs_PolledTransfer(SPI_inst, &output_buffer, NULL, 2);  //Send 2 bytes. Don't receive anything
                                        ^
In file included from ../src/main.c:28:0:
../../sem_project_bsp/ps7_cortexa9_0/include/xspips.h:660:5: note: expected 'u8 *' but argument is of type 'u8 (*)[2]'
 s32 XSpiPs_PolledTransfer(XSpiPs *InstancePtr, u8 *SendBufPtr,
     ^
../src/main.c:530:6: warning: variable 'var' set but not used [-Wunused-but-set-variable]
  s32 var;
      ^
Finished building: ../src/main.c
 
Building target: sem_project.elf
Invoking: ARM gcc linker
arm-xilinx-eabi-gcc -Wl,-T -Wl,../src/lscript.ld -L../../sem_project_bsp/ps7_cortexa9_0/lib -o "sem_project.elf"  ./src/timer/timer_pwm_cnf.o  ./src/khaOS/rtcs_cpu.o ./src/khaOS/schedule.o  ./src/main.o ./src/platform.o   -lm -Wl,--start-group,-lxil,-lgcc,-lc,--end-group
Finished building target: sem_project.elf
 
Invoking: ARM Print Size
arm-xilinx-eabi-size sem_project.elf  |tee "sem_project.elf.size"
   text	   data	    bss	    dec	    hex	filename
 116076	   2456	  23388	 141920	  22a60	sem_project.elf
Finished building: sem_project.elf.size
 
18:27:34 **** Incremental Build of configuration Debug for project sem_project ****
make all 
make: Nothing to be done for 'all'.
18:28:10 **** Auto Build of configuration Debug for project sem_project ****
make all 
Building file: ../src/main.c
Invoking: ARM gcc compiler
arm-xilinx-eabi-gcc -Wall -O0 -g3 -c -fmessage-length=0 -MT"src/main.o" -I../../sem_project_bsp/ps7_cortexa9_0/include -MMD -MP -MF"src/main.d" -MT"src/main.d" -o "src/main.o" "../src/main.c"
../src/main.c:70:0: warning: "XPAR_ENCODER_RM28MD_0_S00_AXI_BASEADDR" redefined
 #define XPAR_ENCODER_RM28MD_0_S00_AXI_BASEADDR    0x43C30000
 ^
In file included from ../src/main.c:24:0:
../../sem_project_bsp/ps7_cortexa9_0/include/xparameters.h:118:0: note: this is the location of the previous definition
 #define XPAR_ENCODER_RM28MD_0_S00_AXI_BASEADDR 0xFFFFFFFF
 ^
../src/main.c:71:0: warning: "XPAR_ENCODER_RM28MD_0_S00_AXI_HIGHADDR" redefined
 #define XPAR_ENCODER_RM28MD_0_S00_AXI_HIGHADDR    0x43C3FFFF
 ^
In file included from ../src/main.c:24:0:
../../sem_project_bsp/ps7_cortexa9_0/include/xparameters.h:119:0: note: this is the location of the previous definition
 #define XPAR_ENCODER_RM28MD_0_S00_AXI_HIGHADDR 0x00000000
 ^
In file included from ../src/main.c:22:0:
../src/main.c: In function 'init_pwm_task':
../src/khaOS/rtcs.h:30:28: warning: large integer implicitly truncated to unsigned type [-Woverflow]
 #define MILLI_SEC(X)       (X*100UL)/T_TICK   //Millisec tick
                            ^
../src/main.c:133:20: note: in expansion of macro 'MILLI_SEC'
  _starts(PWM_TASK, MILLI_SEC(1000));
                    ^
../src/main.c: In function 'interface_task':
../src/main.c:405:5: warning: implicit declaration of function 'sscanf' [-Wimplicit-function-declaration]
     sscanf(val, "%f", &kp);
     ^
../src/main.c:405:5: warning: incompatible implicit declaration of built-in function 'sscanf'
../src/main.c:406:5: warning: implicit declaration of function 'sprintf' [-Wimplicit-function-declaration]
     sprintf(tx_buffer, "kp was set: %f", kp);
     ^
../src/main.c:406:5: warning: incompatible implicit declaration of built-in function 'sprintf'
../src/main.c:412:5: warning: incompatible implicit declaration of built-in function 'sscanf'
     sscanf(val, "%f", &ki);
     ^
../src/main.c:413:5: warning: incompatible implicit declaration of built-in function 'sprintf'
     sprintf(tx_buffer, "ki was set: %f", ki);
     ^
../src/main.c:419:5: warning: incompatible implicit declaration of built-in function 'sscanf'
     sscanf(val, "%f", &q_max);
     ^
../src/main.c:420:5: warning: incompatible implicit declaration of built-in function 'sprintf'
     sprintf(tx_buffer, "qmax was set: %f", q_max);
     ^
../src/main.c: In function 'SPI_init':
../src/main.c:519:6: warning: variable 'var1' set but not used [-Wunused-but-set-variable]
  u32 var1;
      ^
../src/main.c: In function 'SPI_OC_OFF':
../src/main.c:531:40: warning: passing argument 2 of 'XSpiPs_PolledTransfer' from incompatible pointer type
  var = XSpiPs_PolledTransfer(SPI_inst, &output_buffer, NULL, 2);  //Send 2 bytes. Don't receive anything
                                        ^
In file included from ../src/main.c:28:0:
../../sem_project_bsp/ps7_cortexa9_0/include/xspips.h:660:5: note: expected 'u8 *' but argument is of type 'u8 (*)[2]'
 s32 XSpiPs_PolledTransfer(XSpiPs *InstancePtr, u8 *SendBufPtr,
     ^
../src/main.c:530:6: warning: variable 'var' set but not used [-Wunused-but-set-variable]
  s32 var;
      ^
Finished building: ../src/main.c
 
Building target: sem_project.elf
Invoking: ARM gcc linker
arm-xilinx-eabi-gcc -Wl,-T -Wl,../src/lscript.ld -L../../sem_project_bsp/ps7_cortexa9_0/lib -o "sem_project.elf"  ./src/timer/timer_pwm_cnf.o  ./src/khaOS/rtcs_cpu.o ./src/khaOS/schedule.o  ./src/main.o ./src/platform.o   -lm -Wl,--start-group,-lxil,-lgcc,-lc,--end-group
Finished building target: sem_project.elf
 
Invoking: ARM Print Size
arm-xilinx-eabi-size sem_project.elf  |tee "sem_project.elf.size"
   text	   data	    bss	    dec	    hex	filename
 116076	   2456	  23388	 141920	  22a60	sem_project.elf
Finished building: sem_project.elf.size
 
18:28:12 **** Incremental Build of configuration Debug for project sem_project ****
make all 
make: Nothing to be done for 'all'.
18:28:29 **** Auto Build of configuration Debug for project sem_project ****
make all 
Building file: ../src/main.c
Invoking: ARM gcc compiler
arm-xilinx-eabi-gcc -Wall -O0 -g3 -c -fmessage-length=0 -MT"src/main.o" -I../../sem_project_bsp/ps7_cortexa9_0/include -MMD -MP -MF"src/main.d" -MT"src/main.d" -o "src/main.o" "../src/main.c"
../src/main.c:70:0: warning: "XPAR_ENCODER_RM28MD_0_S00_AXI_BASEADDR" redefined
 #define XPAR_ENCODER_RM28MD_0_S00_AXI_BASEADDR    0x43C30000
 ^
In file included from ../src/main.c:24:0:
../../sem_project_bsp/ps7_cortexa9_0/include/xparameters.h:118:0: note: this is the location of the previous definition
 #define XPAR_ENCODER_RM28MD_0_S00_AXI_BASEADDR 0xFFFFFFFF
 ^
../src/main.c:71:0: warning: "XPAR_ENCODER_RM28MD_0_S00_AXI_HIGHADDR" redefined
 #define XPAR_ENCODER_RM28MD_0_S00_AXI_HIGHADDR    0x43C3FFFF
 ^
In file included from ../src/main.c:24:0:
../../sem_project_bsp/ps7_cortexa9_0/include/xparameters.h:119:0: note: this is the location of the previous definition
 #define XPAR_ENCODER_RM28MD_0_S00_AXI_HIGHADDR 0x00000000
 ^
In file included from ../src/main.c:22:0:
../src/main.c: In function 'init_pwm_task':
../src/khaOS/rtcs.h:30:28: warning: large integer implicitly truncated to unsigned type [-Woverflow]
 #define MILLI_SEC(X)       (X*100UL)/T_TICK   //Millisec tick
                            ^
../src/main.c:133:20: note: in expansion of macro 'MILLI_SEC'
  _starts(PWM_TASK, MILLI_SEC(1000));
                    ^
../src/main.c: In function 'pwm_task':
../src/main.c:150:8: warning: unused variable 'third_harmonic' [-Wunused-variable]
  float third_harmonic;
        ^
../src/main.c:149:14: warning: variable 'c' set but not used [-Wunused-but-set-variable]
  float a, b, c;
              ^
../src/main.c:149:11: warning: variable 'b' set but not used [-Wunused-but-set-variable]
  float a, b, c;
           ^
../src/main.c:149:8: warning: variable 'a' set but not used [-Wunused-but-set-variable]
  float a, b, c;
        ^
../src/main.c: In function 'interface_task':
../src/main.c:405:5: warning: implicit declaration of function 'sscanf' [-Wimplicit-function-declaration]
     sscanf(val, "%f", &kp);
     ^
../src/main.c:405:5: warning: incompatible implicit declaration of built-in function 'sscanf'
../src/main.c:406:5: warning: implicit declaration of function 'sprintf' [-Wimplicit-function-declaration]
     sprintf(tx_buffer, "kp was set: %f", kp);
     ^
../src/main.c:406:5: warning: incompatible implicit declaration of built-in function 'sprintf'
../src/main.c:412:5: warning: incompatible implicit declaration of built-in function 'sscanf'
     sscanf(val, "%f", &ki);
     ^
../src/main.c:413:5: warning: incompatible implicit declaration of built-in function 'sprintf'
     sprintf(tx_buffer, "ki was set: %f", ki);
     ^
../src/main.c:419:5: warning: incompatible implicit declaration of built-in function 'sscanf'
     sscanf(val, "%f", &q_max);
     ^
../src/main.c:420:5: warning: incompatible implicit declaration of built-in function 'sprintf'
     sprintf(tx_buffer, "qmax was set: %f", q_max);
     ^
../src/main.c: In function 'SPI_init':
../src/main.c:519:6: warning: variable 'var1' set but not used [-Wunused-but-set-variable]
  u32 var1;
      ^
../src/main.c: In function 'SPI_OC_OFF':
../src/main.c:531:40: warning: passing argument 2 of 'XSpiPs_PolledTransfer' from incompatible pointer type
  var = XSpiPs_PolledTransfer(SPI_inst, &output_buffer, NULL, 2);  //Send 2 bytes. Don't receive anything
                                        ^
In file included from ../src/main.c:28:0:
../../sem_project_bsp/ps7_cortexa9_0/include/xspips.h:660:5: note: expected 'u8 *' but argument is of type 'u8 (*)[2]'
 s32 XSpiPs_PolledTransfer(XSpiPs *InstancePtr, u8 *SendBufPtr,
     ^
../src/main.c:530:6: warning: variable 'var' set but not used [-Wunused-but-set-variable]
  s32 var;
      ^
Finished building: ../src/main.c
 
Building target: sem_project.elf
Invoking: ARM gcc linker
arm-xilinx-eabi-gcc -Wl,-T -Wl,../src/lscript.ld -L../../sem_project_bsp/ps7_cortexa9_0/lib -o "sem_project.elf"  ./src/timer/timer_pwm_cnf.o  ./src/khaOS/rtcs_cpu.o ./src/khaOS/schedule.o  ./src/main.o ./src/platform.o   -lm -Wl,--start-group,-lxil,-lgcc,-lc,--end-group
Finished building target: sem_project.elf
 
Invoking: ARM Print Size
arm-xilinx-eabi-size sem_project.elf  |tee "sem_project.elf.size"
   text	   data	    bss	    dec	    hex	filename
 110752	   2456	  23388	 136596	  21594	sem_project.elf
Finished building: sem_project.elf.size
 
18:28:31 **** Incremental Build of configuration Debug for project sem_project ****
make all 
make: Nothing to be done for 'all'.
18:29:01 **** Auto Build of configuration Debug for project sem_project ****
make all 
Building file: ../src/main.c
Invoking: ARM gcc compiler
arm-xilinx-eabi-gcc -Wall -O0 -g3 -c -fmessage-length=0 -MT"src/main.o" -I../../sem_project_bsp/ps7_cortexa9_0/include -MMD -MP -MF"src/main.d" -MT"src/main.d" -o "src/main.o" "../src/main.c"
../src/main.c:70:0: warning: "XPAR_ENCODER_RM28MD_0_S00_AXI_BASEADDR" redefined
 #define XPAR_ENCODER_RM28MD_0_S00_AXI_BASEADDR    0x43C30000
 ^
In file included from ../src/main.c:24:0:
../../sem_project_bsp/ps7_cortexa9_0/include/xparameters.h:118:0: note: this is the location of the previous definition
 #define XPAR_ENCODER_RM28MD_0_S00_AXI_BASEADDR 0xFFFFFFFF
 ^
../src/main.c:71:0: warning: "XPAR_ENCODER_RM28MD_0_S00_AXI_HIGHADDR" redefined
 #define XPAR_ENCODER_RM28MD_0_S00_AXI_HIGHADDR    0x43C3FFFF
 ^
In file included from ../src/main.c:24:0:
../../sem_project_bsp/ps7_cortexa9_0/include/xparameters.h:119:0: note: this is the location of the previous definition
 #define XPAR_ENCODER_RM28MD_0_S00_AXI_HIGHADDR 0x00000000
 ^
In file included from ../src/main.c:22:0:
../src/main.c: In function 'init_pwm_task':
../src/khaOS/rtcs.h:30:28: warning: large integer implicitly truncated to unsigned type [-Woverflow]
 #define MILLI_SEC(X)       (X*100UL)/T_TICK   //Millisec tick
                            ^
../src/main.c:133:20: note: in expansion of macro 'MILLI_SEC'
  _starts(PWM_TASK, MILLI_SEC(1000));
                    ^
../src/main.c: In function 'interface_task':
../src/main.c:405:5: warning: implicit declaration of function 'sscanf' [-Wimplicit-function-declaration]
     sscanf(val, "%f", &kp);
     ^
../src/main.c:405:5: warning: incompatible implicit declaration of built-in function 'sscanf'
../src/main.c:406:5: warning: implicit declaration of function 'sprintf' [-Wimplicit-function-declaration]
     sprintf(tx_buffer, "kp was set: %f", kp);
     ^
../src/main.c:406:5: warning: incompatible implicit declaration of built-in function 'sprintf'
../src/main.c:412:5: warning: incompatible implicit declaration of built-in function 'sscanf'
     sscanf(val, "%f", &ki);
     ^
../src/main.c:413:5: warning: incompatible implicit declaration of built-in function 'sprintf'
     sprintf(tx_buffer, "ki was set: %f", ki);
     ^
../src/main.c:419:5: warning: incompatible implicit declaration of built-in function 'sscanf'
     sscanf(val, "%f", &q_max);
     ^
../src/main.c:420:5: warning: incompatible implicit declaration of built-in function 'sprintf'
     sprintf(tx_buffer, "qmax was set: %f", q_max);
     ^
../src/main.c: In function 'SPI_init':
../src/main.c:519:6: warning: variable 'var1' set but not used [-Wunused-but-set-variable]
  u32 var1;
      ^
../src/main.c: In function 'SPI_OC_OFF':
../src/main.c:531:40: warning: passing argument 2 of 'XSpiPs_PolledTransfer' from incompatible pointer type
  var = XSpiPs_PolledTransfer(SPI_inst, &output_buffer, NULL, 2);  //Send 2 bytes. Don't receive anything
                                        ^
In file included from ../src/main.c:28:0:
../../sem_project_bsp/ps7_cortexa9_0/include/xspips.h:660:5: note: expected 'u8 *' but argument is of type 'u8 (*)[2]'
 s32 XSpiPs_PolledTransfer(XSpiPs *InstancePtr, u8 *SendBufPtr,
     ^
../src/main.c:530:6: warning: variable 'var' set but not used [-Wunused-but-set-variable]
  s32 var;
      ^
Finished building: ../src/main.c
 
Building target: sem_project.elf
Invoking: ARM gcc linker
arm-xilinx-eabi-gcc -Wl,-T -Wl,../src/lscript.ld -L../../sem_project_bsp/ps7_cortexa9_0/lib -o "sem_project.elf"  ./src/timer/timer_pwm_cnf.o  ./src/khaOS/rtcs_cpu.o ./src/khaOS/schedule.o  ./src/main.o ./src/platform.o   -lm -Wl,--start-group,-lxil,-lgcc,-lc,--end-group
Finished building target: sem_project.elf
 
Invoking: ARM Print Size
arm-xilinx-eabi-size sem_project.elf  |tee "sem_project.elf.size"
   text	   data	    bss	    dec	    hex	filename
 116076	   2456	  23388	 141920	  22a60	sem_project.elf
Finished building: sem_project.elf.size
 
18:29:12 **** Auto Build of configuration Debug for project sem_project ****
make all 
Building file: ../src/main.c
Invoking: ARM gcc compiler
arm-xilinx-eabi-gcc -Wall -O0 -g3 -c -fmessage-length=0 -MT"src/main.o" -I../../sem_project_bsp/ps7_cortexa9_0/include -MMD -MP -MF"src/main.d" -MT"src/main.d" -o "src/main.o" "../src/main.c"
../src/main.c:70:0: warning: "XPAR_ENCODER_RM28MD_0_S00_AXI_BASEADDR" redefined
 #define XPAR_ENCODER_RM28MD_0_S00_AXI_BASEADDR    0x43C30000
 ^
In file included from ../src/main.c:24:0:
../../sem_project_bsp/ps7_cortexa9_0/include/xparameters.h:118:0: note: this is the location of the previous definition
 #define XPAR_ENCODER_RM28MD_0_S00_AXI_BASEADDR 0xFFFFFFFF
 ^
../src/main.c:71:0: warning: "XPAR_ENCODER_RM28MD_0_S00_AXI_HIGHADDR" redefined
 #define XPAR_ENCODER_RM28MD_0_S00_AXI_HIGHADDR    0x43C3FFFF
 ^
In file included from ../src/main.c:24:0:
../../sem_project_bsp/ps7_cortexa9_0/include/xparameters.h:119:0: note: this is the location of the previous definition
 #define XPAR_ENCODER_RM28MD_0_S00_AXI_HIGHADDR 0x00000000
 ^
In file included from ../src/main.c:22:0:
../src/main.c: In function 'init_pwm_task':
../src/khaOS/rtcs.h:30:28: warning: large integer implicitly truncated to unsigned type [-Woverflow]
 #define MILLI_SEC(X)       (X*100UL)/T_TICK   //Millisec tick
                            ^
../src/main.c:133:20: note: in expansion of macro 'MILLI_SEC'
  _starts(PWM_TASK, MILLI_SEC(1000));
                    ^
../src/main.c: In function 'interface_task':
../src/main.c:405:5: warning: implicit declaration of function 'sscanf' [-Wimplicit-function-declaration]
     sscanf(val, "%f", &kp);
     ^
../src/main.c:405:5: warning: incompatible implicit declaration of built-in function 'sscanf'
../src/main.c:406:5: warning: implicit declaration of function 'sprintf' [-Wimplicit-function-declaration]
     sprintf(tx_buffer, "kp was set: %f", kp);
     ^
../src/main.c:406:5: warning: incompatible implicit declaration of built-in function 'sprintf'
../src/main.c:412:5: warning: incompatible implicit declaration of built-in function 'sscanf'
     sscanf(val, "%f", &ki);
     ^
../src/main.c:413:5: warning: incompatible implicit declaration of built-in function 'sprintf'
     sprintf(tx_buffer, "ki was set: %f", ki);
     ^
../src/main.c:419:5: warning: incompatible implicit declaration of built-in function 'sscanf'
     sscanf(val, "%f", &q_max);
     ^
../src/main.c:420:5: warning: incompatible implicit declaration of built-in function 'sprintf'
     sprintf(tx_buffer, "qmax was set: %f", q_max);
     ^
../src/main.c: In function 'SPI_init':
../src/main.c:519:6: warning: variable 'var1' set but not used [-Wunused-but-set-variable]
  u32 var1;
      ^
../src/main.c: In function 'SPI_OC_OFF':
../src/main.c:531:40: warning: passing argument 2 of 'XSpiPs_PolledTransfer' from incompatible pointer type
  var = XSpiPs_PolledTransfer(SPI_inst, &output_buffer, NULL, 2);  //Send 2 bytes. Don't receive anything
                                        ^
In file included from ../src/main.c:28:0:
../../sem_project_bsp/ps7_cortexa9_0/include/xspips.h:660:5: note: expected 'u8 *' but argument is of type 'u8 (*)[2]'
 s32 XSpiPs_PolledTransfer(XSpiPs *InstancePtr, u8 *SendBufPtr,
     ^
../src/main.c:530:6: warning: variable 'var' set but not used [-Wunused-but-set-variable]
  s32 var;
      ^
Finished building: ../src/main.c
 
Building target: sem_project.elf
Invoking: ARM gcc linker
arm-xilinx-eabi-gcc -Wl,-T -Wl,../src/lscript.ld -L../../sem_project_bsp/ps7_cortexa9_0/lib -o "sem_project.elf"  ./src/timer/timer_pwm_cnf.o  ./src/khaOS/rtcs_cpu.o ./src/khaOS/schedule.o  ./src/main.o ./src/platform.o   -lm -Wl,--start-group,-lxil,-lgcc,-lc,--end-group
Finished building target: sem_project.elf
 
Invoking: ARM Print Size
arm-xilinx-eabi-size sem_project.elf  |tee "sem_project.elf.size"
   text	   data	    bss	    dec	    hex	filename
 115756	   2456	  23388	 141600	  22920	sem_project.elf
Finished building: sem_project.elf.size
 
18:29:13 **** Incremental Build of configuration Debug for project sem_project ****
make all 
make: Nothing to be done for 'all'.
18:29:32 **** Incremental Build of configuration Debug for project sem_project ****
make all 
make: Nothing to be done for 'all'.
18:29:42 **** Auto Build of configuration Debug for project sem_project ****
make all 
Building file: ../src/main.c
Invoking: ARM gcc compiler
arm-xilinx-eabi-gcc -Wall -O0 -g3 -c -fmessage-length=0 -MT"src/main.o" -I../../sem_project_bsp/ps7_cortexa9_0/include -MMD -MP -MF"src/main.d" -MT"src/main.d" -o "src/main.o" "../src/main.c"
../src/main.c:70:0: warning: "XPAR_ENCODER_RM28MD_0_S00_AXI_BASEADDR" redefined
 #define XPAR_ENCODER_RM28MD_0_S00_AXI_BASEADDR    0x43C30000
 ^
In file included from ../src/main.c:24:0:
../../sem_project_bsp/ps7_cortexa9_0/include/xparameters.h:118:0: note: this is the location of the previous definition
 #define XPAR_ENCODER_RM28MD_0_S00_AXI_BASEADDR 0xFFFFFFFF
 ^
../src/main.c:71:0: warning: "XPAR_ENCODER_RM28MD_0_S00_AXI_HIGHADDR" redefined
 #define XPAR_ENCODER_RM28MD_0_S00_AXI_HIGHADDR    0x43C3FFFF
 ^
In file included from ../src/main.c:24:0:
../../sem_project_bsp/ps7_cortexa9_0/include/xparameters.h:119:0: note: this is the location of the previous definition
 #define XPAR_ENCODER_RM28MD_0_S00_AXI_HIGHADDR 0x00000000
 ^
In file included from ../src/main.c:22:0:
../src/main.c: In function 'init_pwm_task':
../src/khaOS/rtcs.h:30:28: warning: large integer implicitly truncated to unsigned type [-Woverflow]
 #define MILLI_SEC(X)       (X*100UL)/T_TICK   //Millisec tick
                            ^
../src/main.c:133:20: note: in expansion of macro 'MILLI_SEC'
  _starts(PWM_TASK, MILLI_SEC(1000));
                    ^
../src/main.c: In function 'interface_task':
../src/main.c:406:5: warning: implicit declaration of function 'sscanf' [-Wimplicit-function-declaration]
     sscanf(val, "%f", &kp);
     ^
../src/main.c:406:5: warning: incompatible implicit declaration of built-in function 'sscanf'
../src/main.c:407:5: warning: implicit declaration of function 'sprintf' [-Wimplicit-function-declaration]
     sprintf(tx_buffer, "kp was set: %f", kp);
     ^
../src/main.c:407:5: warning: incompatible implicit declaration of built-in function 'sprintf'
../src/main.c:413:5: warning: incompatible implicit declaration of built-in function 'sscanf'
     sscanf(val, "%f", &ki);
     ^
../src/main.c:414:5: warning: incompatible implicit declaration of built-in function 'sprintf'
     sprintf(tx_buffer, "ki was set: %f", ki);
     ^
../src/main.c:420:5: warning: incompatible implicit declaration of built-in function 'sscanf'
     sscanf(val, "%f", &q_max);
     ^
../src/main.c:421:5: warning: incompatible implicit declaration of built-in function 'sprintf'
     sprintf(tx_buffer, "qmax was set: %f", q_max);
     ^
../src/main.c: In function 'SPI_init':
../src/main.c:520:6: warning: variable 'var1' set but not used [-Wunused-but-set-variable]
  u32 var1;
      ^
../src/main.c: In function 'SPI_OC_OFF':
../src/main.c:532:40: warning: passing argument 2 of 'XSpiPs_PolledTransfer' from incompatible pointer type
  var = XSpiPs_PolledTransfer(SPI_inst, &output_buffer, NULL, 2);  //Send 2 bytes. Don't receive anything
                                        ^
In file included from ../src/main.c:28:0:
../../sem_project_bsp/ps7_cortexa9_0/include/xspips.h:660:5: note: expected 'u8 *' but argument is of type 'u8 (*)[2]'
 s32 XSpiPs_PolledTransfer(XSpiPs *InstancePtr, u8 *SendBufPtr,
     ^
../src/main.c:531:6: warning: variable 'var' set but not used [-Wunused-but-set-variable]
  s32 var;
      ^
Finished building: ../src/main.c
 
Building target: sem_project.elf
Invoking: ARM gcc linker
arm-xilinx-eabi-gcc -Wl,-T -Wl,../src/lscript.ld -L../../sem_project_bsp/ps7_cortexa9_0/lib -o "sem_project.elf"  ./src/timer/timer_pwm_cnf.o  ./src/khaOS/rtcs_cpu.o ./src/khaOS/schedule.o  ./src/main.o ./src/platform.o   -lm -Wl,--start-group,-lxil,-lgcc,-lc,--end-group
Finished building target: sem_project.elf
 
Invoking: ARM Print Size
arm-xilinx-eabi-size sem_project.elf  |tee "sem_project.elf.size"
   text	   data	    bss	    dec	    hex	filename
 110304	   2456	  23388	 136148	  213d4	sem_project.elf
Finished building: sem_project.elf.size
 
18:29:43 **** Incremental Build of configuration Debug for project sem_project ****
make all 
make: Nothing to be done for 'all'.
18:29:56 **** Auto Build of configuration Debug for project sem_project ****
make all 
Building file: ../src/main.c
Invoking: ARM gcc compiler
arm-xilinx-eabi-gcc -Wall -O0 -g3 -c -fmessage-length=0 -MT"src/main.o" -I../../sem_project_bsp/ps7_cortexa9_0/include -MMD -MP -MF"src/main.d" -MT"src/main.d" -o "src/main.o" "../src/main.c"
../src/main.c:70:0: warning: "XPAR_ENCODER_RM28MD_0_S00_AXI_BASEADDR" redefined
 #define XPAR_ENCODER_RM28MD_0_S00_AXI_BASEADDR    0x43C30000
 ^
In file included from ../src/main.c:24:0:
../../sem_project_bsp/ps7_cortexa9_0/include/xparameters.h:118:0: note: this is the location of the previous definition
 #define XPAR_ENCODER_RM28MD_0_S00_AXI_BASEADDR 0xFFFFFFFF
 ^
../src/main.c:71:0: warning: "XPAR_ENCODER_RM28MD_0_S00_AXI_HIGHADDR" redefined
 #define XPAR_ENCODER_RM28MD_0_S00_AXI_HIGHADDR    0x43C3FFFF
 ^
In file included from ../src/main.c:24:0:
../../sem_project_bsp/ps7_cortexa9_0/include/xparameters.h:119:0: note: this is the location of the previous definition
 #define XPAR_ENCODER_RM28MD_0_S00_AXI_HIGHADDR 0x00000000
 ^
In file included from ../src/main.c:22:0:
../src/main.c: In function 'init_pwm_task':
../src/khaOS/rtcs.h:30:28: warning: large integer implicitly truncated to unsigned type [-Woverflow]
 #define MILLI_SEC(X)       (X*100UL)/T_TICK   //Millisec tick
                            ^
../src/main.c:133:20: note: in expansion of macro 'MILLI_SEC'
  _starts(PWM_TASK, MILLI_SEC(1000));
                    ^
../src/main.c: In function 'pwm_task':
../src/main.c:143:8: warning: unused variable 'rotor_position_radian_e' [-Wunused-variable]
  float rotor_position_radian_e;
        ^
../src/main.c:142:6: warning: unused variable 'rotor_position_degrees_e' [-Wunused-variable]
  int rotor_position_degrees_e;
      ^
../src/main.c: In function 'interface_task':
../src/main.c:406:5: warning: implicit declaration of function 'sscanf' [-Wimplicit-function-declaration]
     sscanf(val, "%f", &kp);
     ^
../src/main.c:406:5: warning: incompatible implicit declaration of built-in function 'sscanf'
../src/main.c:407:5: warning: implicit declaration of function 'sprintf' [-Wimplicit-function-declaration]
     sprintf(tx_buffer, "kp was set: %f", kp);
     ^
../src/main.c:407:5: warning: incompatible implicit declaration of built-in function 'sprintf'
../src/main.c:413:5: warning: incompatible implicit declaration of built-in function 'sscanf'
     sscanf(val, "%f", &ki);
     ^
../src/main.c:414:5: warning: incompatible implicit declaration of built-in function 'sprintf'
     sprintf(tx_buffer, "ki was set: %f", ki);
     ^
../src/main.c:420:5: warning: incompatible implicit declaration of built-in function 'sscanf'
     sscanf(val, "%f", &q_max);
     ^
../src/main.c:421:5: warning: incompatible implicit declaration of built-in function 'sprintf'
     sprintf(tx_buffer, "qmax was set: %f", q_max);
     ^
../src/main.c: In function 'SPI_init':
../src/main.c:520:6: warning: variable 'var1' set but not used [-Wunused-but-set-variable]
  u32 var1;
      ^
../src/main.c: In function 'SPI_OC_OFF':
../src/main.c:532:40: warning: passing argument 2 of 'XSpiPs_PolledTransfer' from incompatible pointer type
[...]
Invoking: ARM gcc compiler
arm-xilinx-eabi-gcc -Wall -O0 -g3 -c -fmessage-length=0 -MT"src/main.o" -I../../sem_project_bsp/ps7_cortexa9_0/include -MMD -MP -MF"src/main.d" -MT"src/main.d" -o "src/main.o" "../src/main.c"
../src/main.c:70:0: warning: "XPAR_ENCODER_RM28MD_0_S00_AXI_BASEADDR" redefined
 #define XPAR_ENCODER_RM28MD_0_S00_AXI_BASEADDR    0x43C30000
 ^
In file included from ../src/main.c:24:0:
../../sem_project_bsp/ps7_cortexa9_0/include/xparameters.h:118:0: note: this is the location of the previous definition
 #define XPAR_ENCODER_RM28MD_0_S00_AXI_BASEADDR 0xFFFFFFFF
 ^
../src/main.c:71:0: warning: "XPAR_ENCODER_RM28MD_0_S00_AXI_HIGHADDR" redefined
 #define XPAR_ENCODER_RM28MD_0_S00_AXI_HIGHADDR    0x43C3FFFF
 ^
In file included from ../src/main.c:24:0:
../../sem_project_bsp/ps7_cortexa9_0/include/xparameters.h:119:0: note: this is the location of the previous definition
 #define XPAR_ENCODER_RM28MD_0_S00_AXI_HIGHADDR 0x00000000
 ^
In file included from ../src/main.c:22:0:
../src/main.c: In function 'init_pwm_task':
../src/khaOS/rtcs.h:30:28: warning: large integer implicitly truncated to unsigned type [-Woverflow]
 #define MILLI_SEC(X)       (X*100UL)/T_TICK   //Millisec tick
                            ^
../src/main.c:133:20: note: in expansion of macro 'MILLI_SEC'
  _starts(PWM_TASK, MILLI_SEC(1000));
                    ^
../src/main.c: In function 'interface_task':
../src/main.c:399:5: warning: implicit declaration of function 'sscanf' [-Wimplicit-function-declaration]
     sscanf(val, "%f", &kp);
     ^
../src/main.c:399:5: warning: incompatible implicit declaration of built-in function 'sscanf'
../src/main.c:400:5: warning: implicit declaration of function 'sprintf' [-Wimplicit-function-declaration]
     sprintf(tx_buffer, "kp was set: %f", kp);
     ^
../src/main.c:400:5: warning: incompatible implicit declaration of built-in function 'sprintf'
../src/main.c:406:5: warning: incompatible implicit declaration of built-in function 'sscanf'
     sscanf(val, "%f", &ki);
     ^
../src/main.c:407:5: warning: incompatible implicit declaration of built-in function 'sprintf'
     sprintf(tx_buffer, "ki was set: %f", ki);
     ^
../src/main.c:413:5: warning: incompatible implicit declaration of built-in function 'sscanf'
     sscanf(val, "%f", &q_max);
     ^
../src/main.c:414:5: warning: incompatible implicit declaration of built-in function 'sprintf'
     sprintf(tx_buffer, "qmax was set: %f", q_max);
     ^
../src/main.c: In function 'SPI_init':
../src/main.c:513:6: warning: variable 'var1' set but not used [-Wunused-but-set-variable]
  u32 var1;
      ^
../src/main.c: In function 'SPI_OC_OFF':
../src/main.c:525:40: warning: passing argument 2 of 'XSpiPs_PolledTransfer' from incompatible pointer type
  var = XSpiPs_PolledTransfer(SPI_inst, &output_buffer, NULL, 2);  //Send 2 bytes. Don't receive anything
                                        ^
In file included from ../src/main.c:28:0:
../../sem_project_bsp/ps7_cortexa9_0/include/xspips.h:660:5: note: expected 'u8 *' but argument is of type 'u8 (*)[2]'
 s32 XSpiPs_PolledTransfer(XSpiPs *InstancePtr, u8 *SendBufPtr,
     ^
../src/main.c:524:6: warning: variable 'var' set but not used [-Wunused-but-set-variable]
  s32 var;
      ^
Finished building: ../src/main.c
 
Building target: sem_project.elf
Invoking: ARM gcc linker
arm-xilinx-eabi-gcc -Wl,-T -Wl,../src/lscript.ld -L../../sem_project_bsp/ps7_cortexa9_0/lib -o "sem_project.elf"  ./src/timer/timer_pwm_cnf.o  ./src/khaOS/rtcs_cpu.o ./src/khaOS/schedule.o  ./src/main.o ./src/platform.o   -lm -Wl,--start-group,-lxil,-lgcc,-lc,--end-group
Finished building target: sem_project.elf
 
Invoking: ARM Print Size
arm-xilinx-eabi-size sem_project.elf  |tee "sem_project.elf.size"
   text	   data	    bss	    dec	    hex	filename
 116524	   2456	  23388	 142368	  22c20	sem_project.elf
Finished building: sem_project.elf.size
 
18:44:05 **** Incremental Build of configuration Debug for project sem_project ****
make all 
make: Nothing to be done for 'all'.
18:45:00 **** Auto Build of configuration Debug for project sem_project ****
make all 
Building file: ../src/main.c
Invoking: ARM gcc compiler
arm-xilinx-eabi-gcc -Wall -O0 -g3 -c -fmessage-length=0 -MT"src/main.o" -I../../sem_project_bsp/ps7_cortexa9_0/include -MMD -MP -MF"src/main.d" -MT"src/main.d" -o "src/main.o" "../src/main.c"
../src/main.c:70:0: warning: "XPAR_ENCODER_RM28MD_0_S00_AXI_BASEADDR" redefined
 #define XPAR_ENCODER_RM28MD_0_S00_AXI_BASEADDR    0x43C30000
 ^
In file included from ../src/main.c:24:0:
../../sem_project_bsp/ps7_cortexa9_0/include/xparameters.h:118:0: note: this is the location of the previous definition
 #define XPAR_ENCODER_RM28MD_0_S00_AXI_BASEADDR 0xFFFFFFFF
 ^
../src/main.c:71:0: warning: "XPAR_ENCODER_RM28MD_0_S00_AXI_HIGHADDR" redefined
 #define XPAR_ENCODER_RM28MD_0_S00_AXI_HIGHADDR    0x43C3FFFF
 ^
In file included from ../src/main.c:24:0:
../../sem_project_bsp/ps7_cortexa9_0/include/xparameters.h:119:0: note: this is the location of the previous definition
 #define XPAR_ENCODER_RM28MD_0_S00_AXI_HIGHADDR 0x00000000
 ^
In file included from ../src/main.c:22:0:
../src/main.c: In function 'init_pwm_task':
../src/khaOS/rtcs.h:30:28: warning: large integer implicitly truncated to unsigned type [-Woverflow]
 #define MILLI_SEC(X)       (X*100UL)/T_TICK   //Millisec tick
                            ^
../src/main.c:133:20: note: in expansion of macro 'MILLI_SEC'
  _starts(PWM_TASK, MILLI_SEC(1000));
                    ^
../src/main.c: In function 'interface_task':
../src/main.c:385:5: warning: implicit declaration of function 'sscanf' [-Wimplicit-function-declaration]
     sscanf(val, "%f", &kp);
     ^
../src/main.c:385:5: warning: incompatible implicit declaration of built-in function 'sscanf'
../src/main.c:386:5: warning: implicit declaration of function 'sprintf' [-Wimplicit-function-declaration]
     sprintf(tx_buffer, "kp was set: %f", kp);
     ^
../src/main.c:386:5: warning: incompatible implicit declaration of built-in function 'sprintf'
../src/main.c:392:5: warning: incompatible implicit declaration of built-in function 'sscanf'
     sscanf(val, "%f", &ki);
     ^
../src/main.c:393:5: warning: incompatible implicit declaration of built-in function 'sprintf'
     sprintf(tx_buffer, "ki was set: %f", ki);
     ^
../src/main.c:399:5: warning: incompatible implicit declaration of built-in function 'sscanf'
     sscanf(val, "%f", &q_max);
     ^
../src/main.c:400:5: warning: incompatible implicit declaration of built-in function 'sprintf'
     sprintf(tx_buffer, "qmax was set: %f", q_max);
     ^
../src/main.c: In function 'SPI_init':
../src/main.c:499:6: warning: variable 'var1' set but not used [-Wunused-but-set-variable]
  u32 var1;
      ^
../src/main.c: In function 'SPI_OC_OFF':
../src/main.c:511:40: warning: passing argument 2 of 'XSpiPs_PolledTransfer' from incompatible pointer type
  var = XSpiPs_PolledTransfer(SPI_inst, &output_buffer, NULL, 2);  //Send 2 bytes. Don't receive anything
                                        ^
In file included from ../src/main.c:28:0:
../../sem_project_bsp/ps7_cortexa9_0/include/xspips.h:660:5: note: expected 'u8 *' but argument is of type 'u8 (*)[2]'
 s32 XSpiPs_PolledTransfer(XSpiPs *InstancePtr, u8 *SendBufPtr,
     ^
../src/main.c:510:6: warning: variable 'var' set but not used [-Wunused-but-set-variable]
  s32 var;
      ^
Finished building: ../src/main.c
 
Building target: sem_project.elf
Invoking: ARM gcc linker
arm-xilinx-eabi-gcc -Wl,-T -Wl,../src/lscript.ld -L../../sem_project_bsp/ps7_cortexa9_0/lib -o "sem_project.elf"  ./src/timer/timer_pwm_cnf.o  ./src/khaOS/rtcs_cpu.o ./src/khaOS/schedule.o  ./src/main.o ./src/platform.o   -lm -Wl,--start-group,-lxil,-lgcc,-lc,--end-group
Finished building target: sem_project.elf
 
Invoking: ARM Print Size
arm-xilinx-eabi-size sem_project.elf  |tee "sem_project.elf.size"
   text	   data	    bss	    dec	    hex	filename
 115948	   2456	  23388	 141792	  229e0	sem_project.elf
Finished building: sem_project.elf.size
 
18:45:02 **** Incremental Build of configuration Debug for project sem_project ****
make all 
make: Nothing to be done for 'all'.
18:49:52 **** Incremental Build of configuration Debug for project sem_project ****
make all 
make: Nothing to be done for 'all'.
19:15:54 **** Auto Build of configuration Debug for project sem_project ****
make all 
Building file: ../src/main.c
Invoking: ARM gcc compiler
arm-xilinx-eabi-gcc -Wall -O0 -g3 -c -fmessage-length=0 -MT"src/main.o" -I../../sem_project_bsp/ps7_cortexa9_0/include -MMD -MP -MF"src/main.d" -MT"src/main.d" -o "src/main.o" "../src/main.c"
../src/main.c:70:0: warning: "XPAR_ENCODER_RM28MD_0_S00_AXI_BASEADDR" redefined
 #define XPAR_ENCODER_RM28MD_0_S00_AXI_BASEADDR    0x43C30000
 ^
In file included from ../src/main.c:24:0:
../../sem_project_bsp/ps7_cortexa9_0/include/xparameters.h:118:0: note: this is the location of the previous definition
 #define XPAR_ENCODER_RM28MD_0_S00_AXI_BASEADDR 0xFFFFFFFF
 ^
../src/main.c:71:0: warning: "XPAR_ENCODER_RM28MD_0_S00_AXI_HIGHADDR" redefined
 #define XPAR_ENCODER_RM28MD_0_S00_AXI_HIGHADDR    0x43C3FFFF
 ^
In file included from ../src/main.c:24:0:
../../sem_project_bsp/ps7_cortexa9_0/include/xparameters.h:119:0: note: this is the location of the previous definition
 #define XPAR_ENCODER_RM28MD_0_S00_AXI_HIGHADDR 0x00000000
 ^
In file included from ../src/main.c:22:0:
../src/main.c: In function 'init_pwm_task':
../src/khaOS/rtcs.h:30:28: warning: large integer implicitly truncated to unsigned type [-Woverflow]
 #define MILLI_SEC(X)       (X*100UL)/T_TICK   //Millisec tick
                            ^
../src/main.c:133:20: note: in expansion of macro 'MILLI_SEC'
  _starts(PWM_TASK, MILLI_SEC(1000));
                    ^
../src/main.c: In function 'interface_task':
../src/main.c:347:2: warning: implicit declaration of function 'sprintf' [-Wimplicit-function-declaration]
  sprintf(tx_buffer, "kp was set: %f", kp);
  ^
../src/main.c:347:2: warning: incompatible implicit declaration of built-in function 'sprintf'
../src/main.c:387:5: warning: implicit declaration of function 'sscanf' [-Wimplicit-function-declaration]
     sscanf(val, "%f", &kp);
     ^
../src/main.c:387:5: warning: incompatible implicit declaration of built-in function 'sscanf'
../src/main.c:394:5: warning: incompatible implicit declaration of built-in function 'sscanf'
     sscanf(val, "%f", &ki);
     ^
../src/main.c:401:5: warning: incompatible implicit declaration of built-in function 'sscanf'
     sscanf(val, "%f", &q_max);
     ^
../src/main.c: In function 'SPI_init':
../src/main.c:501:6: warning: variable 'var1' set but not used [-Wunused-but-set-variable]
  u32 var1;
      ^
../src/main.c: In function 'SPI_OC_OFF':
../src/main.c:513:40: warning: passing argument 2 of 'XSpiPs_PolledTransfer' from incompatible pointer type
  var = XSpiPs_PolledTransfer(SPI_inst, &output_buffer, NULL, 2);  //Send 2 bytes. Don't receive anything
                                        ^
In file included from ../src/main.c:28:0:
../../sem_project_bsp/ps7_cortexa9_0/include/xspips.h:660:5: note: expected 'u8 *' but argument is of type 'u8 (*)[2]'
 s32 XSpiPs_PolledTransfer(XSpiPs *InstancePtr, u8 *SendBufPtr,
     ^
../src/main.c:512:6: warning: variable 'var' set but not used [-Wunused-but-set-variable]
  s32 var;
      ^
Finished building: ../src/main.c
 
Building target: sem_project.elf
Invoking: ARM gcc linker
arm-xilinx-eabi-gcc -Wl,-T -Wl,../src/lscript.ld -L../../sem_project_bsp/ps7_cortexa9_0/lib -o "sem_project.elf"  ./src/timer/timer_pwm_cnf.o  ./src/khaOS/rtcs_cpu.o ./src/khaOS/schedule.o  ./src/main.o ./src/platform.o   -lm -Wl,--start-group,-lxil,-lgcc,-lc,--end-group
Finished building target: sem_project.elf
 
Invoking: ARM Print Size
arm-xilinx-eabi-size sem_project.elf  |tee "sem_project.elf.size"
   text	   data	    bss	    dec	    hex	filename
 116012	   2456	  23388	 141856	  22a20	sem_project.elf
Finished building: sem_project.elf.size
 
19:16:03 **** Auto Build of configuration Debug for project sem_project ****
make all 
Building file: ../src/main.c
Invoking: ARM gcc compiler
arm-xilinx-eabi-gcc -Wall -O0 -g3 -c -fmessage-length=0 -MT"src/main.o" -I../../sem_project_bsp/ps7_cortexa9_0/include -MMD -MP -MF"src/main.d" -MT"src/main.d" -o "src/main.o" "../src/main.c"
../src/main.c:70:0: warning: "XPAR_ENCODER_RM28MD_0_S00_AXI_BASEADDR" redefined
 #define XPAR_ENCODER_RM28MD_0_S00_AXI_BASEADDR    0x43C30000
 ^
In file included from ../src/main.c:24:0:
../../sem_project_bsp/ps7_cortexa9_0/include/xparameters.h:118:0: note: this is the location of the previous definition
 #define XPAR_ENCODER_RM28MD_0_S00_AXI_BASEADDR 0xFFFFFFFF
 ^
../src/main.c:71:0: warning: "XPAR_ENCODER_RM28MD_0_S00_AXI_HIGHADDR" redefined
 #define XPAR_ENCODER_RM28MD_0_S00_AXI_HIGHADDR    0x43C3FFFF
 ^
In file included from ../src/main.c:24:0:
../../sem_project_bsp/ps7_cortexa9_0/include/xparameters.h:119:0: note: this is the location of the previous definition
 #define XPAR_ENCODER_RM28MD_0_S00_AXI_HIGHADDR 0x00000000
 ^
In file included from ../src/main.c:22:0:
../src/main.c: In function 'init_pwm_task':
../src/khaOS/rtcs.h:30:28: warning: large integer implicitly truncated to unsigned type [-Woverflow]
 #define MILLI_SEC(X)       (X*100UL)/T_TICK   //Millisec tick
                            ^
../src/main.c:133:20: note: in expansion of macro 'MILLI_SEC'
  _starts(PWM_TASK, MILLI_SEC(1000));
                    ^
../src/main.c: In function 'interface_task':
../src/main.c:347:2: warning: implicit declaration of function 'sprintf' [-Wimplicit-function-declaration]
  sprintf(tx_buffer, "kp was set: %f", 9.1);
  ^
../src/main.c:347:2: warning: incompatible implicit declaration of built-in function 'sprintf'
../src/main.c:387:5: warning: implicit declaration of function 'sscanf' [-Wimplicit-function-declaration]
     sscanf(val, "%f", &kp);
     ^
../src/main.c:387:5: warning: incompatible implicit declaration of built-in function 'sscanf'
../src/main.c:394:5: warning: incompatible implicit declaration of built-in function 'sscanf'
     sscanf(val, "%f", &ki);
     ^
../src/main.c:401:5: warning: incompatible implicit declaration of built-in function 'sscanf'
     sscanf(val, "%f", &q_max);
     ^
../src/main.c: In function 'SPI_init':
../src/main.c:501:6: warning: variable 'var1' set but not used [-Wunused-but-set-variable]
  u32 var1;
      ^
../src/main.c: In function 'SPI_OC_OFF':
../src/main.c:513:40: warning: passing argument 2 of 'XSpiPs_PolledTransfer' from incompatible pointer type
  var = XSpiPs_PolledTransfer(SPI_inst, &output_buffer, NULL, 2);  //Send 2 bytes. Don't receive anything
                                        ^
In file included from ../src/main.c:28:0:
../../sem_project_bsp/ps7_cortexa9_0/include/xspips.h:660:5: note: expected 'u8 *' but argument is of type 'u8 (*)[2]'
 s32 XSpiPs_PolledTransfer(XSpiPs *InstancePtr, u8 *SendBufPtr,
     ^
../src/main.c:512:6: warning: variable 'var' set but not used [-Wunused-but-set-variable]
  s32 var;
      ^
Finished building: ../src/main.c
 
Building target: sem_project.elf
Invoking: ARM gcc linker
arm-xilinx-eabi-gcc -Wl,-T -Wl,../src/lscript.ld -L../../sem_project_bsp/ps7_cortexa9_0/lib -o "sem_project.elf"  ./src/timer/timer_pwm_cnf.o  ./src/khaOS/rtcs_cpu.o ./src/khaOS/schedule.o  ./src/main.o ./src/platform.o   -lm -Wl,--start-group,-lxil,-lgcc,-lc,--end-group
Finished building target: sem_project.elf
 
Invoking: ARM Print Size
arm-xilinx-eabi-size sem_project.elf  |tee "sem_project.elf.size"
   text	   data	    bss	    dec	    hex	filename
 116012	   2456	  23388	 141856	  22a20	sem_project.elf
Finished building: sem_project.elf.size
 
19:16:06 **** Incremental Build of configuration Debug for project sem_project ****
make all 
make: Nothing to be done for 'all'.
19:20:10 **** Auto Build of configuration Debug for project sem_project ****
make all 
Building file: ../src/main.c
Invoking: ARM gcc compiler
arm-xilinx-eabi-gcc -Wall -O0 -g3 -c -fmessage-length=0 -MT"src/main.o" -I../../sem_project_bsp/ps7_cortexa9_0/include -MMD -MP -MF"src/main.d" -MT"src/main.d" -o "src/main.o" "../src/main.c"
../src/main.c:70:0: warning: "XPAR_ENCODER_RM28MD_0_S00_AXI_BASEADDR" redefined
 #define XPAR_ENCODER_RM28MD_0_S00_AXI_BASEADDR    0x43C30000
 ^
In file included from ../src/main.c:24:0:
../../sem_project_bsp/ps7_cortexa9_0/include/xparameters.h:118:0: note: this is the location of the previous definition
 #define XPAR_ENCODER_RM28MD_0_S00_AXI_BASEADDR 0xFFFFFFFF
 ^
../src/main.c:71:0: warning: "XPAR_ENCODER_RM28MD_0_S00_AXI_HIGHADDR" redefined
 #define XPAR_ENCODER_RM28MD_0_S00_AXI_HIGHADDR    0x43C3FFFF
 ^
In file included from ../src/main.c:24:0:
../../sem_project_bsp/ps7_cortexa9_0/include/xparameters.h:119:0: note: this is the location of the previous definition
 #define XPAR_ENCODER_RM28MD_0_S00_AXI_HIGHADDR 0x00000000
 ^
In file included from ../src/main.c:22:0:
../src/main.c: In function 'init_pwm_task':
../src/khaOS/rtcs.h:30:28: warning: large integer implicitly truncated to unsigned type [-Woverflow]
 #define MILLI_SEC(X)       (X*100UL)/T_TICK   //Millisec tick
                            ^
../src/main.c:133:20: note: in expansion of macro 'MILLI_SEC'
  _starts(PWM_TASK, MILLI_SEC(1000));
                    ^
../src/main.c: In function 'interface_task':
../src/main.c:385:5: warning: implicit declaration of function 'sscanf' [-Wimplicit-function-declaration]
     sscanf(val, "%f", &kp);
     ^
../src/main.c:385:5: warning: incompatible implicit declaration of built-in function 'sscanf'
../src/main.c:386:5: warning: implicit declaration of function 'sprintf' [-Wimplicit-function-declaration]
     sprintf(tx_buffer, "kp was set: %f", kp);
     ^
../src/main.c:386:5: warning: incompatible implicit declaration of built-in function 'sprintf'
../src/main.c:392:5: warning: incompatible implicit declaration of built-in function 'sscanf'
     sscanf(val, "%f", &ki);
     ^
../src/main.c:393:5: warning: incompatible implicit declaration of built-in function 'sprintf'
     sprintf(tx_buffer, "ki was set: %f", ki);
     ^
../src/main.c:399:5: warning: incompatible implicit declaration of built-in function 'sscanf'
     sscanf(val, "%f", &q_max);
     ^
../src/main.c:400:5: warning: incompatible implicit declaration of built-in function 'sprintf'
     sprintf(tx_buffer, "qmax was set: %f", q_max);
     ^
../src/main.c: In function 'SPI_init':
../src/main.c:499:6: warning: variable 'var1' set but not used [-Wunused-but-set-variable]
  u32 var1;
      ^
../src/main.c: In function 'SPI_OC_OFF':
../src/main.c:511:40: warning: passing argument 2 of 'XSpiPs_PolledTransfer' from incompatible pointer type
  var = XSpiPs_PolledTransfer(SPI_inst, &output_buffer, NULL, 2);  //Send 2 bytes. Don't receive anything
                                        ^
In file included from ../src/main.c:28:0:
../../sem_project_bsp/ps7_cortexa9_0/include/xspips.h:660:5: note: expected 'u8 *' but argument is of type 'u8 (*)[2]'
 s32 XSpiPs_PolledTransfer(XSpiPs *InstancePtr, u8 *SendBufPtr,
     ^
../src/main.c:510:6: warning: variable 'var' set but not used [-Wunused-but-set-variable]
  s32 var;
      ^
Finished building: ../src/main.c
 
Building target: sem_project.elf
Invoking: ARM gcc linker
arm-xilinx-eabi-gcc -Wl,-T -Wl,../src/lscript.ld -L../../sem_project_bsp/ps7_cortexa9_0/lib -o "sem_project.elf"  ./src/timer/timer_pwm_cnf.o  ./src/khaOS/rtcs_cpu.o ./src/khaOS/schedule.o  ./src/main.o ./src/platform.o   -lm -Wl,--start-group,-lxil,-lgcc,-lc,--end-group
Finished building target: sem_project.elf
 
Invoking: ARM Print Size
arm-xilinx-eabi-size sem_project.elf  |tee "sem_project.elf.size"
   text	   data	    bss	    dec	    hex	filename
 115948	   2456	  23388	 141792	  229e0	sem_project.elf
Finished building: sem_project.elf.size
 
19:20:12 **** Incremental Build of configuration Debug for project sem_project ****
make all 
make: Nothing to be done for 'all'.
